ARM Linker, 5.03 [Build 76] [MDK-ARM Standard]

==============================================================================

Section Cross References

    main.o(.text) refers to os_q.o(.text) for OSQCreate
    main.o(.text) refers to os_mbox.o(.text) for OSMboxCreate
    main.o(.text) refers to os_tmr.o(.text) for OSTmrCreate
    main.o(.text) refers to os_cpu_a.o(.text) for OS_CPU_SR_Save
    main.o(.text) refers to os_task.o(.text) for OSTaskCreate
    main.o(.text) refers to delay.o(.text) for delay_init
    main.o(.text) refers to sys.o(.text) for NVIC_Configuration
    main.o(.text) refers to led.o(.text) for TM1652_Init
    main.o(.text) refers to encode.o(.text) for Encode_Init
    main.o(.text) refers to usart.o(.text) for USART1_Config
    main.o(.text) refers to key.o(.text) for Key_Init
    main.o(.text) refers to flashwr.o(.text) for ReadFlash_param
    main.o(.text) refers to os_core.o(.text) for OSInit
    main.o(.text) refers to main.o(.bss) for MsgGrp
    main.o(.text) refers to main.o(.data) for q_msg
    main.o(.text) refers to config.o(.text) for tmr1_callback
    system_stm32f10x.o(.text) refers to system_stm32f10x.o(.data) for SystemCoreClock
    led.o(.text) refers to stm32f10x_usart.o(.text) for USART_SendData
    led.o(.text) refers to stm32f10x_gpio.o(.text) for GPIO_SetBits
    led.o(.text) refers to stm32f10x_rcc.o(.text) for RCC_APB2PeriphClockCmd
    led.o(.text) refers to delay.o(.text) for delay_ms
    led.o(.text) refers to main.o(.data) for State
    led.o(.text) refers to encode.o(.text) for DisableEncode
    led.o(.text) refers to main.o(.bss) for netparam
    led.o(.text) refers to config.o(.data) for Nixie
    encode.o(.text) refers to stm32f10x_rcc.o(.text) for RCC_APB1PeriphClockCmd
    encode.o(.text) refers to stm32f10x_gpio.o(.text) for GPIO_StructInit
    encode.o(.text) refers to stm32f10x_tim.o(.text) for TIM_TimeBaseInit
    encode.o(.text) refers to misc.o(.text) for NVIC_Init
    encode.o(.text) refers to main.o(.data) for SilentTime
    encode.o(.text) refers to config.o(.data) for Nixie
    key.o(.text) refers to stm32f10x_rcc.o(.text) for RCC_APB2PeriphClockCmd
    key.o(.text) refers to stm32f10x_gpio.o(.text) for GPIO_Init
    key.o(.text) refers to os_time.o(.text) for OSTimeDlyHMSM
    key.o(.text) refers to flashwr.o(.text) for WriteFlash_param
    key.o(.text) refers to config.o(.text) for OffSetWrite
    key.o(.text) refers to key.o(.data) for keyStatus
    key.o(.text) refers to main.o(.data) for Usart_flag
    key.o(.text) refers to main.o(.bss) for netparam
    key.o(.text) refers to config.o(.data) for Nixie
    usart.o(.text) refers to stm32f10x_usart.o(.text) for USART_Init
    usart.o(.text) refers to stm32f10x_rcc.o(.text) for RCC_APB2PeriphClockCmd
    usart.o(.text) refers to stm32f10x_gpio.o(.text) for GPIO_Init
    usart.o(.text) refers to misc.o(.text) for NVIC_PriorityGroupConfig
    usart.o(.text) refers to stm32f10x_dma.o(.text) for DMA_DeInit
    usart.o(.text) refers to config.o(.text) for OffSetInit
    usart.o(.text) refers to os_mbox.o(.text) for OSMboxPost
    usart.o(.text) refers to encode.o(.text) for DisableEncode
    usart.o(.text) refers to delay.o(.text) for delay_ms
    usart.o(.text) refers to usart.o(.bss) for rx1buf
    usart.o(.text) refers to main.o(.data) for netState
    usart.o(.text) refers to config.o(.data) for Nixie
    usart.o(.text) refers to usart.o(.data) for NetSta
    usart.o(.text) refers to os_q.o(.text) for OSQPend
    usart.o(.text) refers to os_time.o(.text) for OSTimeDlyHMSM
    config.o(.text) refers to os_q.o(.text) for OSQPost
    config.o(.text) refers to stm32f10x_gpio.o(.text) for GPIO_ResetBits
    config.o(.text) refers to os_time.o(.text) for OSTimeDlyHMSM
    config.o(.text) refers to os_mbox.o(.text) for OSMboxPend
    config.o(.text) refers to encode.o(.text) for DisableEncode
    config.o(.text) refers to led.o(.text) for AllLedOff
    config.o(.text) refers to main.o(.data) for netState
    config.o(.text) refers to main.o(.bss) for netparam
    config.o(.text) refers to usart.o(.bss) for tx1buf
    config.o(.text) refers to config.o(.bss) for Netbuf
    config.o(.text) refers to config.o(.data) for tim2flag
    config.o(.text) refers to os_task.o(.text) for OSTaskSuspend
    config.o(.text) refers to usart.o(.text) for Com1SendData
    flashwr.o(.text) refers to stm32f10x_flash.o(.text) for FLASH_Unlock
    flashwr.o(.text) refers to flashwr.o(.data) for FLASHStatus
    flashwr.o(.text) refers to main.o(.bss) for netparam
    startup_stm32f10x_hd.o(STACK) refers (Special) to heapauxi.o(.text) for __use_two_region_memory
    startup_stm32f10x_hd.o(HEAP) refers (Special) to heapauxi.o(.text) for __use_two_region_memory
    startup_stm32f10x_hd.o(RESET) refers (Special) to heapauxi.o(.text) for __use_two_region_memory
    startup_stm32f10x_hd.o(RESET) refers to startup_stm32f10x_hd.o(STACK) for __initial_sp
[...]
    ../clib/stdlib.c                         0x00000000   Number         0  exit.o ABSOLUTE
    ../fplib/fpinit.s                        0x00000000   Number         0  fpinit.o ABSOLUTE
    ..\CORE\core_cm3.c                       0x00000000   Number         0  core_cm3.o ABSOLUTE
    ..\CORE\startup_stm32f10x_hd.s           0x00000000   Number         0  startup_stm32f10x_hd.o ABSOLUTE
    ..\HARDWARE\CONFIG\config.c              0x00000000   Number         0  config.o ABSOLUTE
    ..\HARDWARE\CONFIG\flashwr.c             0x00000000   Number         0  flashwr.o ABSOLUTE
    ..\HARDWARE\ENCODE\encode.c              0x00000000   Number         0  encode.o ABSOLUTE
    ..\HARDWARE\KEY\key.c                    0x00000000   Number         0  key.o ABSOLUTE
    ..\HARDWARE\LED\Led.c                    0x00000000   Number         0  led.o ABSOLUTE
    ..\HARDWARE\usart3\usart.c               0x00000000   Number         0  usart.o ABSOLUTE
    ..\STM32F10x_FWLib\src\misc.c            0x00000000   Number         0  misc.o ABSOLUTE
    ..\STM32F10x_FWLib\src\stm32f10x_dma.c   0x00000000   Number         0  stm32f10x_dma.o ABSOLUTE
    ..\STM32F10x_FWLib\src\stm32f10x_exti.c  0x00000000   Number         0  stm32f10x_exti.o ABSOLUTE
    ..\STM32F10x_FWLib\src\stm32f10x_flash.c 0x00000000   Number         0  stm32f10x_flash.o ABSOLUTE
    ..\STM32F10x_FWLib\src\stm32f10x_gpio.c  0x00000000   Number         0  stm32f10x_gpio.o ABSOLUTE
    ..\STM32F10x_FWLib\src\stm32f10x_rcc.c   0x00000000   Number         0  stm32f10x_rcc.o ABSOLUTE
    ..\STM32F10x_FWLib\src\stm32f10x_tim.c   0x00000000   Number         0  stm32f10x_tim.o ABSOLUTE
    ..\STM32F10x_FWLib\src\stm32f10x_usart.c 0x00000000   Number         0  stm32f10x_usart.o ABSOLUTE
    ..\SYSTEM\delay\delay.c                  0x00000000   Number         0  delay.o ABSOLUTE
    ..\SYSTEM\sys\sys.c                      0x00000000   Number         0  sys.o ABSOLUTE
    ..\UCOSII\CORE\os_core.c                 0x00000000   Number         0  os_core.o ABSOLUTE
    ..\UCOSII\CORE\os_flag.c                 0x00000000   Number         0  os_flag.o ABSOLUTE
    ..\UCOSII\CORE\os_mbox.c                 0x00000000   Number         0  os_mbox.o ABSOLUTE
    ..\UCOSII\CORE\os_mem.c                  0x00000000   Number         0  os_mem.o ABSOLUTE
    ..\UCOSII\CORE\os_mutex.c                0x00000000   Number         0  os_mutex.o ABSOLUTE
    ..\UCOSII\CORE\os_q.c                    0x00000000   Number         0  os_q.o ABSOLUTE
    ..\UCOSII\CORE\os_sem.c                  0x00000000   Number         0  os_sem.o ABSOLUTE
    ..\UCOSII\CORE\os_task.c                 0x00000000   Number         0  os_task.o ABSOLUTE
    ..\UCOSII\CORE\os_time.c                 0x00000000   Number         0  os_time.o ABSOLUTE
    ..\UCOSII\CORE\os_tmr.c                  0x00000000   Number         0  os_tmr.o ABSOLUTE
    ..\UCOSII\PORT\os_cpu_a.asm              0x00000000   Number         0  os_cpu_a.o ABSOLUTE
    ..\UCOSII\PORT\os_cpu_c.c                0x00000000   Number         0  os_cpu_c.o ABSOLUTE
    ..\\CORE\\core_cm3.c                     0x00000000   Number         0  core_cm3.o ABSOLUTE
    dc.s                                     0x00000000   Number         0  dc.o ABSOLUTE
    main.c                                   0x00000000   Number         0  main.o ABSOLUTE
    stm32f10x_it.c                           0x00000000   Number         0  stm32f10x_it.o ABSOLUTE
    system_stm32f10x.c                       0x00000000   Number         0  system_stm32f10x.o ABSOLUTE
    RESET                                    0x08000000   Section      304  startup_stm32f10x_hd.o(RESET)
    !!!main                                  0x08000130   Section        8  __main.o(!!!main)
    !!!scatter                               0x08000138   Section       52  __scatter.o(!!!scatter)
    !!dczerorl2                              0x0800016c   Section       90  __dczerorl2.o(!!dczerorl2)
    !!handler_zi                             0x080001c8   Section       28  __scatter_zi.o(!!handler_zi)
    .ARM.Collect$$libinit$$00000000          0x080001e4   Section        2  libinit.o(.ARM.Collect$$libinit$$00000000)
    .ARM.Collect$$libinit$$00000002          0x080001e6   Section        0  libinit2.o(.ARM.Collect$$libinit$$00000002)
    .ARM.Collect$$libinit$$00000008          0x080001e6   Section        0  libinit2.o(.ARM.Collect$$libinit$$00000008)
    .ARM.Collect$$libinit$$0000000A          0x080001e6   Section        0  libinit2.o(.ARM.Collect$$libinit$$0000000A)
    .ARM.Collect$$libinit$$0000000C          0x080001e6   Section        0  libinit2.o(.ARM.Collect$$libinit$$0000000C)
    .ARM.Collect$$libinit$$0000000F          0x080001e6   Section        0  libinit2.o(.ARM.Collect$$libinit$$0000000F)
    .ARM.Collect$$libinit$$00000011          0x080001e6   Section        0  libinit2.o(.ARM.Collect$$libinit$$00000011)
    .ARM.Collect$$libinit$$00000013          0x080001e6   Section        0  libinit2.o(.ARM.Collect$$libinit$$00000013)
    .ARM.Collect$$libinit$$00000015          0x080001e6   Section        0  libinit2.o(.ARM.Collect$$libinit$$00000015)
    .ARM.Collect$$libinit$$00000017          0x080001e6   Section        0  libinit2.o(.ARM.Collect$$libinit$$00000017)
    .ARM.Collect$$libinit$$00000019          0x080001e6   Section        0  libinit2.o(.ARM.Collect$$libinit$$00000019)
    .ARM.Collect$$libinit$$0000001B          0x080001e6   Section        0  libinit2.o(.ARM.Collect$$libinit$$0000001B)
    .ARM.Collect$$libinit$$0000001D          0x080001e6   Section        0  libinit2.o(.ARM.Collect$$libinit$$0000001D)
    .ARM.Collect$$libinit$$0000001F          0x080001e6   Section        0  libinit2.o(.ARM.Collect$$libinit$$0000001F)
    .ARM.Collect$$libinit$$00000021          0x080001e6   Section        0  libinit2.o(.ARM.Collect$$libinit$$00000021)
    .ARM.Collect$$libinit$$00000023          0x080001e6   Section        0  libinit2.o(.ARM.Collect$$libinit$$00000023)
    .ARM.Collect$$libinit$$0000002A          0x080001e6   Section        0  libinit2.o(.ARM.Collect$$libinit$$0000002A)
    .ARM.Collect$$libinit$$0000002C          0x080001e6   Section        0  libinit2.o(.ARM.Collect$$libinit$$0000002C)
    .ARM.Collect$$libinit$$0000002E          0x080001e6   Section        0  libinit2.o(.ARM.Collect$$libinit$$0000002E)
    .ARM.Collect$$libinit$$00000030          0x080001e6   Section        0  libinit2.o(.ARM.Collect$$libinit$$00000030)
    .ARM.Collect$$libinit$$00000031          0x080001e6   Section        2  libinit2.o(.ARM.Collect$$libinit$$00000031)
    .ARM.Collect$$libshutdown$$00000000      0x080001e8   Section        2  libshutdown.o(.ARM.Collect$$libshutdown$$00000000)
    .ARM.Collect$$libshutdown$$00000003      0x080001ea   Section        0  libshutdown2.o(.ARM.Collect$$libshutdown$$00000003)
    .ARM.Collect$$libshutdown$$00000006      0x080001ea   Section        0  libshutdown2.o(.ARM.Collect$$libshutdown$$00000006)
    .ARM.Collect$$libshutdown$$00000009      0x080001ea   Section        0  libshutdown2.o(.ARM.Collect$$libshutdown$$00000009)
    .ARM.Collect$$libshutdown$$0000000B      0x080001ea   Section        0  libshutdown2.o(.ARM.Collect$$libshutdown$$0000000B)
    .ARM.Collect$$libshutdown$$0000000E      0x080001ea   Section        0  libshutdown2.o(.ARM.Collect$$libshutdown$$0000000E)
    .ARM.Collect$$libshutdown$$0000000F      0x080001ea   Section        2  libshutdown2.o(.ARM.Collect$$libshutdown$$0000000F)
    .ARM.Collect$$rtentry$$00000000          0x080001ec   Section        0  rtentry.o(.ARM.Collect$$rtentry$$00000000)
    .ARM.Collect$$rtentry$$00000002          0x080001ec   Section        0  rtentry2.o(.ARM.Collect$$rtentry$$00000002)
    .ARM.Collect$$rtentry$$00000004          0x080001ec   Section        6  rtentry4.o(.ARM.Collect$$rtentry$$00000004)
    .ARM.Collect$$rtentry$$00000009          0x080001f2   Section        0  rtentry2.o(.ARM.Collect$$rtentry$$00000009)
    .ARM.Collect$$rtentry$$0000000A          0x080001f2   Section        4  rtentry2.o(.ARM.Collect$$rtentry$$0000000A)
    .ARM.Collect$$rtentry$$0000000C          0x080001f6   Section        0  rtentry2.o(.ARM.Collect$$rtentry$$0000000C)
    .ARM.Collect$$rtentry$$0000000D          0x080001f6   Section        8  rtentry2.o(.ARM.Collect$$rtentry$$0000000D)
    .ARM.Collect$$rtexit$$00000000           0x080001fe   Section        2  rtexit.o(.ARM.Collect$$rtexit$$00000000)
    .ARM.Collect$$rtexit$$00000002           0x08000200   Section        0  rtexit2.o(.ARM.Collect$$rtexit$$00000002)
    .ARM.Collect$$rtexit$$00000003           0x08000200   Section        4  rtexit2.o(.ARM.Collect$$rtexit$$00000003)
    .ARM.Collect$$rtexit$$00000004           0x08000204   Section        6  rtexit2.o(.ARM.Collect$$rtexit$$00000004)
    .text                                    0x0800020c   Section        0  main.o(.text)
    .text                                    0x08000394   Section        0  stm32f10x_it.o(.text)
    .text                                    0x080003ac   Section        0  system_stm32f10x.o(.text)
    SetSysClockTo72                          0x080003ad   Thumb Code   212  system_stm32f10x.o(.text)
    SetSysClock                              0x08000481   Thumb Code     8  system_stm32f10x.o(.text)
    .text                                    0x08000588   Section        0  led.o(.text)
    .text                                    0x08000f14   Section        0  encode.o(.text)
    .text                                    0x08001234   Section        0  key.o(.text)
    .text                                    0x0800147c   Section        0  usart.o(.text)
    .text                                    0x080019b8   Section        0  config.o(.text)
    .text                                    0x08001f4c   Section        0  flashwr.o(.text)
    .text                                    0x080020ec   Section       64  startup_stm32f10x_hd.o(.text)
    .text                                    0x0800212c   Section        0  misc.o(.text)
    .text                                    0x08002208   Section        0  stm32f10x_gpio.o(.text)
    .text                                    0x08002560   Section        0  stm32f10x_rcc.o(.text)
    .text                                    0x08002904   Section        0  stm32f10x_tim.o(.text)
    TI4_Config                               0x08002dab   Thumb Code   130  stm32f10x_tim.o(.text)
    TI3_Config                               0x08002e3f   Thumb Code   122  stm32f10x_tim.o(.text)
    TI2_Config                               0x08002ed3   Thumb Code   130  stm32f10x_tim.o(.text)
    TI1_Config                               0x08002f67   Thumb Code   108  stm32f10x_tim.o(.text)
    .text                                    0x08003720   Section        0  stm32f10x_usart.o(.text)
    .text                                    0x08003b28   Section        0  stm32f10x_dma.o(.text)
    .text                                    0x08003d78   Section        0  stm32f10x_flash.o(.text)
    .text                                    0x08004334   Section        0  delay.o(.text)
    .text                                    0x08004428   Section        0  sys.o(.text)
    .text                                    0x0800444c   Section        0  os_core.o(.text)
    OS_InitTaskStat                          0x080044f7   Thumb Code    52  os_core.o(.text)
    OS_InitTaskIdle                          0x0800454d   Thumb Code    52  os_core.o(.text)
    OS_InitEventList                         0x08004593   Thumb Code    74  os_core.o(.text)
    OS_InitTCBList                           0x080045dd   Thumb Code   106  os_core.o(.text)
    OS_InitRdyList                           0x08004647   Thumb Code    44  os_core.o(.text)
    OS_InitMisc                              0x08004673   Thumb Code    44  os_core.o(.text)
    OS_SchedNew                              0x080046eb   Thumb Code    26  os_core.o(.text)
    .text                                    0x08004cfc   Section        0  os_flag.o(.text)
    OS_FlagTaskRdy                           0x08004e73   Thumb Code    96  os_flag.o(.text)
    OS_FlagBlock                             0x0800503b   Thumb Code   152  os_flag.o(.text)
    .text                                    0x08005514   Section        0  os_mbox.o(.text)
    .text                                    0x080058e0   Section        0  os_q.o(.text)
    .text                                    0x08005ec8   Section        0  os_sem.o(.text)
    .text                                    0x08006254   Section        0  os_task.o(.text)
    .text                                    0x08006a20   Section        0  os_time.o(.text)
    .text                                    0x08006bd8   Section        0  os_tmr.o(.text)
    OSTmr_Alloc                              0x08006bd9   Thumb Code    50  os_tmr.o(.text)
    OSTmr_Free                               0x08006c6b   Thumb Code    58  os_tmr.o(.text)
    OSTmr_Unlink                             0x08006ca5   Thumb Code    62  os_tmr.o(.text)
    OSTmr_Link                               0x08006ecb   Thumb Code   100  os_tmr.o(.text)
    OSTmr_Task                               0x08007091   Thumb Code   114  os_tmr.o(.text)
    OSTmr_InitTask                           0x08007103   Thumb Code    50  os_tmr.o(.text)
    .text                                    0x0800720c   Section        0  os_cpu_c.o(.text)
    .text                                    0x080072e0   Section      180  os_cpu_a.o(.text)
    .text                                    0x08007394   Section        0  heapauxi.o(.text)
    .text                                    0x0800739a   Section       74  sys_stackheap_outer.o(.text)
    .text                                    0x080073e4   Section        0  exit.o(.text)
    .text                                    0x080073f0   Section        8  libspace.o(.text)
    .text                                    0x080073f8   Section        0  sys_exit.o(.text)
    .text                                    0x08007404   Section        2  use_no_semi.o(.text)
    .constdata                               0x08007406   Section      256  os_core.o(.constdata)
    .text                                    0x08007406   Section        0  indicate_semi.o(.text)
    .data                                    0x20000000   Section       52  main.o(.data)
    .data                                    0x20000034   Section       20  system_stm32f10x.o(.data)
    .data                                    0x20000048   Section        3  key.o(.data)
    keyStatus                                0x20000048   Data           1  key.o(.data)
    keyValueBackup                           0x20000049   Data           1  key.o(.data)
    i                                        0x2000004a   Data           1  key.o(.data)
    .data                                    0x2000004b   Section        4  usart.o(.data)
    NetSta                                   0x2000004b   Data           3  usart.o(.data)
    err                                      0x2000004e   Data           1  usart.o(.data)
    .data                                    0x2000004f   Section        4  config.o(.data)
    tim2flag                                 0x2000004f   Data           1  config.o(.data)
    err                                      0x20000050   Data           1  config.o(.data)
    .data                                    0x20000054   Section      114  flashwr.o(.data)
    .data                                    0x200000c6   Section       20  stm32f10x_rcc.o(.data)
    APBAHBPrescTable                         0x200000c6   Data          16  stm32f10x_rcc.o(.data)
    ADCPrescTable                            0x200000d6   Data           4  stm32f10x_rcc.o(.data)
    .data                                    0x200000da   Section        4  delay.o(.data)
    fac_us                                   0x200000da   Data           1  delay.o(.data)
    fac_ms                                   0x200000dc   Data           2  delay.o(.data)
    .data                                    0x200000e0   Section       92  os_core.o(.data)
    .data                                    0x2000013c   Section        6  os_cpu_c.o(.data)
    OSTmrCtr                                 0x20000140   Data           2  os_cpu_c.o(.data)
    .bss                                     0x20000144   Section     4180  main.o(.bss)
    .bss                                     0x20001198   Section       40  usart.o(.bss)
    .bss                                     0x200011c0   Section       54  config.o(.bss)
    Netbuf                                   0x200011c0   Data          54  config.o(.bss)
    .bss                                     0x200011f8   Section     3904  os_core.o(.bss)
    .bss                                     0x20002138   Section       96  libspace.o(.bss)
    HEAP                                     0x20002198   Section      512  startup_stm32f10x_hd.o(HEAP)
    Heap_Mem                                 0x20002198   Data         512  startup_stm32f10x_hd.o(HEAP)
    STACK                                    0x20002398   Section     1024  startup_stm32f10x_hd.o(STACK)
    Stack_Mem                                0x20002398   Data        1024  startup_stm32f10x_hd.o(STACK)
    __initial_sp                             0x20002798   Data           0  startup_stm32f10x_hd.o(STACK)

    Global Symbols

    Symbol Name                              Value     Ov Type        Size  Object(Section)

    BuildAttributes$$THM_ISAv4$P$D$K$B$S$PE$A:L22UL41UL21$X:L11$S22US41US21$IEEE1$IW$USESV6$~STKCKD$USESV7$~SHL$OSPACE$ROPI$EBA8$UX$STANDARDLIB$REQ8$PRES8$EABIv2 0x00000000   Number         0  anon$$obj.o ABSOLUTE
    __ARM_use_no_argv                        0x00000000   Number         0  main.o ABSOLUTE
    __ARM_exceptions_init                     - Undefined Weak Reference
    __alloca_initialize                       - Undefined Weak Reference
    __cpp_initialize__aeabi_                  - Undefined Weak Reference
    __cxa_finalize                            - Undefined Weak Reference
    __rt_locale                               - Undefined Weak Reference
    __sigvec_lookup                           - Undefined Weak Reference
    _atexit_init                              - Undefined Weak Reference
    _call_atexit_fns                          - Undefined Weak Reference
    _clock_init                               - Undefined Weak Reference
    _fp_trap_init                             - Undefined Weak Reference
    _fp_trap_shutdown                         - Undefined Weak Reference
    _get_lc_collate                           - Undefined Weak Reference
    _get_lc_ctype                             - Undefined Weak Reference
    _get_lc_monetary                          - Undefined Weak Reference
    _get_lc_numeric                           - Undefined Weak Reference
    _get_lc_time                              - Undefined Weak Reference
    _getenv_init                              - Undefined Weak Reference
    _handle_redirection                       - Undefined Weak Reference
    _init_alloc                               - Undefined Weak Reference
    _init_user_alloc                          - Undefined Weak Reference
    _initio                                   - Undefined Weak Reference
    _rand_init                                - Undefined Weak Reference
    _signal_finish                            - Undefined Weak Reference
    _signal_init                              - Undefined Weak Reference
    _terminate_alloc                          - Undefined Weak Reference
    _terminate_user_alloc                     - Undefined Weak Reference
    _terminateio                              - Undefined Weak Reference
    __Vectors_Size                           0x00000130   Number         0  startup_stm32f10x_hd.o ABSOLUTE
    __Vectors                                0x08000000   Data           4  startup_stm32f10x_hd.o(RESET)
    __Vectors_End                            0x08000130   Data           0  startup_stm32f10x_hd.o(RESET)
    __main                                   0x08000131   Thumb Code     8  __main.o(!!!main)
    __scatterload                            0x08000139   Thumb Code     0  __scatter.o(!!!scatter)
    __scatterload_rt2                        0x08000139   Thumb Code    44  __scatter.o(!!!scatter)
    __scatterload_rt2_thumb_only             0x08000139   Thumb Code     0  __scatter.o(!!!scatter)
    __scatterload_null                       0x08000147   Thumb Code     0  __scatter.o(!!!scatter)
    __decompress                             0x0800016d   Thumb Code    90  __dczerorl2.o(!!dczerorl2)
    __decompress1                            0x0800016d   Thumb Code     0  __dczerorl2.o(!!dczerorl2)
    __scatterload_zeroinit                   0x080001c9   Thumb Code    28  __scatter_zi.o(!!handler_zi)
    __rt_lib_init                            0x080001e5   Thumb Code     0  libinit.o(.ARM.Collect$$libinit$$00000000)
    __rt_lib_init_alloca_1                   0x080001e7   Thumb Code     0  libinit2.o(.ARM.Collect$$libinit$$0000002C)
    __rt_lib_init_argv_1                     0x080001e7   Thumb Code     0  libinit2.o(.ARM.Collect$$libinit$$0000002A)
    __rt_lib_init_atexit_1                   0x080001e7   Thumb Code     0  libinit2.o(.ARM.Collect$$libinit$$00000019)
    __rt_lib_init_clock_1                    0x080001e7   Thumb Code     0  libinit2.o(.ARM.Collect$$libinit$$0000001F)
    __rt_lib_init_cpp_1                      0x080001e7   Thumb Code     0  libinit2.o(.ARM.Collect$$libinit$$00000030)
    __rt_lib_init_exceptions_1               0x080001e7   Thumb Code     0  libinit2.o(.ARM.Collect$$libinit$$0000002E)
    __rt_lib_init_fp_1                       0x080001e7   Thumb Code     0  libinit2.o(.ARM.Collect$$libinit$$00000002)
    __rt_lib_init_fp_trap_1                  0x080001e7   Thumb Code     0  libinit2.o(.ARM.Collect$$libinit$$0000001D)
    __rt_lib_init_getenv_1                   0x080001e7   Thumb Code     0  libinit2.o(.ARM.Collect$$libinit$$00000021)
    __rt_lib_init_heap_1                     0x080001e7   Thumb Code     0  libinit2.o(.ARM.Collect$$libinit$$00000008)
    __rt_lib_init_lc_collate_1               0x080001e7   Thumb Code     0  libinit2.o(.ARM.Collect$$libinit$$0000000F)
    __rt_lib_init_lc_ctype_1                 0x080001e7   Thumb Code     0  libinit2.o(.ARM.Collect$$libinit$$00000011)
    __rt_lib_init_lc_monetary_1              0x080001e7   Thumb Code     0  libinit2.o(.ARM.Collect$$libinit$$00000013)
    __rt_lib_init_lc_numeric_1               0x080001e7   Thumb Code     0  libinit2.o(.ARM.Collect$$libinit$$00000015)
    __rt_lib_init_lc_time_1                  0x080001e7   Thumb Code     0  libinit2.o(.ARM.Collect$$libinit$$00000017)
    __rt_lib_init_rand_1                     0x080001e7   Thumb Code     0  libinit2.o(.ARM.Collect$$libinit$$0000000C)
    __rt_lib_init_return                     0x080001e7   Thumb Code     0  libinit2.o(.ARM.Collect$$libinit$$00000031)
    __rt_lib_init_signal_1                   0x080001e7   Thumb Code     0  libinit2.o(.ARM.Collect$$libinit$$0000001B)
    __rt_lib_init_stdio_1                    0x080001e7   Thumb Code     0  libinit2.o(.ARM.Collect$$libinit$$00000023)
    __rt_lib_init_user_alloc_1               0x080001e7   Thumb Code     0  libinit2.o(.ARM.Collect$$libinit$$0000000A)
    __rt_lib_shutdown                        0x080001e9   Thumb Code     0  libshutdown.o(.ARM.Collect$$libshutdown$$00000000)
    __rt_lib_shutdown_fp_trap_1              0x080001eb   Thumb Code     0  libshutdown2.o(.ARM.Collect$$libshutdown$$00000006)
    __rt_lib_shutdown_heap_1                 0x080001eb   Thumb Code     0  libshutdown2.o(.ARM.Collect$$libshutdown$$0000000E)
    __rt_lib_shutdown_return                 0x080001eb   Thumb Code     0  libshutdown2.o(.ARM.Collect$$libshutdown$$0000000F)
    __rt_lib_shutdown_signal_1               0x080001eb   Thumb Code     0  libshutdown2.o(.ARM.Collect$$libshutdown$$00000009)
    __rt_lib_shutdown_stdio_1                0x080001eb   Thumb Code     0  libshutdown2.o(.ARM.Collect$$libshutdown$$00000003)
    __rt_lib_shutdown_user_alloc_1           0x080001eb   Thumb Code     0  libshutdown2.o(.ARM.Collect$$libshutdown$$0000000B)
    __rt_entry                               0x080001ed   Thumb Code     0  rtentry.o(.ARM.Collect$$rtentry$$00000000)
    __rt_entry_presh_1                       0x080001ed   Thumb Code     0  rtentry2.o(.ARM.Collect$$rtentry$$00000002)
    __rt_entry_sh                            0x080001ed   Thumb Code     0  rtentry4.o(.ARM.Collect$$rtentry$$00000004)
    __rt_entry_li                            0x080001f3   Thumb Code     0  rtentry2.o(.ARM.Collect$$rtentry$$0000000A)
    __rt_entry_postsh_1                      0x080001f3   Thumb Code     0  rtentry2.o(.ARM.Collect$$rtentry$$00000009)
    __rt_entry_main                          0x080001f7   Thumb Code     0  rtentry2.o(.ARM.Collect$$rtentry$$0000000D)
    __rt_entry_postli_1                      0x080001f7   Thumb Code     0  rtentry2.o(.ARM.Collect$$rtentry$$0000000C)
    __rt_exit                                0x080001ff   Thumb Code     0  rtexit.o(.ARM.Collect$$rtexit$$00000000)
    __rt_exit_ls                             0x08000201   Thumb Code     0  rtexit2.o(.ARM.Collect$$rtexit$$00000003)
    __rt_exit_prels_1                        0x08000201   Thumb Code     0  rtexit2.o(.ARM.Collect$$rtexit$$00000002)
    __rt_exit_exit                           0x08000205   Thumb Code     0  rtexit2.o(.ARM.Collect$$rtexit$$00000004)
    start_task                               0x0800020d   Thumb Code   218  main.o(.text)
    main                                     0x080002e7   Thumb Code    68  main.o(.text)
    NMI_Handler                              0x08000395   Thumb Code     2  stm32f10x_it.o(.text)
    HardFault_Handler                        0x08000397   Thumb Code     4  stm32f10x_it.o(.text)
    MemManage_Handler                        0x0800039b   Thumb Code     4  stm32f10x_it.o(.text)
    BusFault_Handler                         0x0800039f   Thumb Code     4  stm32f10x_it.o(.text)
    UsageFault_Handler                       0x080003a3   Thumb Code     4  stm32f10x_it.o(.text)
    SVC_Handler                              0x080003a7   Thumb Code     2  stm32f10x_it.o(.text)
    DebugMon_Handler                         0x080003a9   Thumb Code     2  stm32f10x_it.o(.text)
    SystemInit                               0x08000489   Thumb Code    78  system_stm32f10x.o(.text)
    SystemCoreClockUpdate                    0x080004d7   Thumb Code   142  system_stm32f10x.o(.text)
    Uart_SendData                            0x08000589   Thumb Code    26  led.o(.text)
    AllLedOff                                0x080005a3   Thumb Code   116  led.o(.text)
    Led_Init                                 0x08000617   Thumb Code    80  led.o(.text)
    Uart2_Init                               0x08000667   Thumb Code   120  led.o(.text)
    Uart3_Init                               0x080006df   Thumb Code   124  led.o(.text)
    NixieTube_AllOff                         0x0800075b   Thumb Code    42  led.o(.text)
    TM1652_Init                              0x08000785   Thumb Code    40  led.o(.text)
    SendDataNum                              0x080007ad   Thumb Code   142  led.o(.text)
    BackOffsetDisplay                        0x0800083b   Thumb Code   148  led.o(.text)
    RightOffsetDisplay                       0x080008cf   Thumb Code   144  led.o(.text)
    LeftOffsetDisplay                        0x0800095f   Thumb Code   166  led.o(.text)
    LeftRightOffsetDisplay                   0x08000a05   Thumb Code   186  led.o(.text)
    NixieTubeLowLight                        0x08000abf   Thumb Code   124  led.o(.text)
    NixieTube_LeftRightOff                   0x08000b3b   Thumb Code    20  led.o(.text)
    NixieTubeDisplay                         0x08000b4f   Thumb Code   360  led.o(.text)
    LedState                                 0x08000cb7   Thumb Code   302  led.o(.text)
    updateLedState                           0x08000de5   Thumb Code   162  led.o(.text)
    NixieTube_task                           0x08000e87   Thumb Code   114  led.o(.text)
    TIME2_Encode                             0x08000f15   Thumb Code   152  encode.o(.text)
    TIME3_Encode                             0x08000fad   Thumb Code   144  encode.o(.text)
    TIM2_IRQHandler                          0x0800103d   Thumb Code   154  encode.o(.text)
    TIM3_IRQHandler                          0x080010d7   Thumb Code   168  encode.o(.text)
    Encode_Init                              0x0800117f   Thumb Code    28  encode.o(.text)
    NixieTub_three                           0x0800119b   Thumb Code    44  encode.o(.text)
    NixieTub_four                            0x080011c7   Thumb Code    44  encode.o(.text)
    DisableEncode                            0x080011f3   Thumb Code    42  encode.o(.text)
    Key_Init                                 0x08001235   Thumb Code    40  key.o(.text)
    Get_KeyValue                             0x0800125d   Thumb Code    66  key.o(.text)
    key_task                                 0x0800129f   Thumb Code   430  key.o(.text)
    USART1_ModeInit                          0x0800147d   Thumb Code    42  usart.o(.text)
    USART1_GPIOInit                          0x080014a7   Thumb Code   102  usart.o(.text)
    USART1_NVIC_Configuration                0x0800150d   Thumb Code    40  usart.o(.text)
    UART1_DMA_Configuration                  0x08001535   Thumb Code    82  usart.o(.text)
    USART1_Config                            0x08001587   Thumb Code    58  usart.o(.text)
    Pendfault                                0x080015c1   Thumb Code   106  usart.o(.text)
    NetDetecting                             0x0800162b   Thumb Code   260  usart.o(.text)
    GetCom1Data                              0x0800172f   Thumb Code   134  usart.o(.text)
    USART1_IRQHandler                        0x080017b5   Thumb Code   106  usart.o(.text)
    Com1SendData                             0x0800181f   Thumb Code    84  usart.o(.text)
    Postfault                                0x08001873   Thumb Code   204  usart.o(.text)
    usartsend_task                           0x0800193f   Thumb Code    98  usart.o(.text)
    updateOffset                             0x080019b9   Thumb Code    70  config.o(.text)
    OffSetWrite                              0x080019ff   Thumb Code   110  config.o(.text)
    OffSetInit                               0x08001a6d   Thumb Code   252  config.o(.text)
    OpenSerial                               0x08001b69   Thumb Code    28  config.o(.text)
    OffSetRead                               0x08001b85   Thumb Code    28  config.o(.text)
    CloseSerial                              0x08001ba1   Thumb Code    28  config.o(.text)
    HandShake                                0x08001bbd   Thumb Code    42  config.o(.text)
    msg_crc                                  0x08001be7   Thumb Code    80  config.o(.text)
    Led_exception                            0x08001c37   Thumb Code   176  config.o(.text)
    tmr1_callback                            0x08001ce7   Thumb Code    40  config.o(.text)
    tmr2_callback                            0x08001d0f   Thumb Code    12  config.o(.text)
    handshake_task                           0x08001d1b   Thumb Code   118  config.o(.text)
    paramSet_task                            0x08001d91   Thumb Code   408  config.o(.text)
    WriteFlash_param                         0x08001f4d   Thumb Code   220  flashwr.o(.text)
    ReadFlash_param                          0x08002029   Thumb Code   166  flashwr.o(.text)
    Reset_Handler                            0x080020ed   Thumb Code     8  startup_stm32f10x_hd.o(.text)
    ADC1_2_IRQHandler                        0x08002107   Thumb Code     0  startup_stm32f10x_hd.o(.text)
    ADC3_IRQHandler                          0x08002107   Thumb Code     0  startup_stm32f10x_hd.o(.text)
    CAN1_RX1_IRQHandler                      0x08002107   Thumb Code     0  startup_stm32f10x_hd.o(.text)
    CAN1_SCE_IRQHandler                      0x08002107   Thumb Code     0  startup_stm32f10x_hd.o(.text)
    DMA1_Channel1_IRQHandler                 0x08002107   Thumb Code     0  startup_stm32f10x_hd.o(.text)
    DMA1_Channel2_IRQHandler                 0x08002107   Thumb Code     0  startup_stm32f10x_hd.o(.text)
    DMA1_Channel3_IRQHandler                 0x08002107   Thumb Code     0  startup_stm32f10x_hd.o(.text)
    DMA1_Channel4_IRQHandler                 0x08002107   Thumb Code     0  startup_stm32f10x_hd.o(.text)
    DMA1_Channel5_IRQHandler                 0x08002107   Thumb Code     0  startup_stm32f10x_hd.o(.text)
    DMA1_Channel6_IRQHandler                 0x08002107   Thumb Code     0  startup_stm32f10x_hd.o(.text)
    DMA1_Channel7_IRQHandler                 0x08002107   Thumb Code     0  startup_stm32f10x_hd.o(.text)
    DMA2_Channel1_IRQHandler                 0x08002107   Thumb Code     0  startup_stm32f10x_hd.o(.text)
    DMA2_Channel2_IRQHandler                 0x08002107   Thumb Code     0  startup_stm32f10x_hd.o(.text)
    DMA2_Channel3_IRQHandler                 0x08002107   Thumb Code     0  startup_stm32f10x_hd.o(.text)
    DMA2_Channel4_5_IRQHandler               0x08002107   Thumb Code     0  startup_stm32f10x_hd.o(.text)
    EXTI0_IRQHandler                         0x08002107   Thumb Code     0  startup_stm32f10x_hd.o(.text)
    EXTI15_10_IRQHandler                     0x08002107   Thumb Code     0  startup_stm32f10x_hd.o(.text)
    EXTI1_IRQHandler                         0x08002107   Thumb Code     0  startup_stm32f10x_hd.o(.text)
    EXTI2_IRQHandler                         0x08002107   Thumb Code     0  startup_stm32f10x_hd.o(.text)
    EXTI3_IRQHandler                         0x08002107   Thumb Code     0  startup_stm32f10x_hd.o(.text)
    EXTI4_IRQHandler                         0x08002107   Thumb Code     0  startup_stm32f10x_hd.o(.text)
    EXTI9_5_IRQHandler                       0x08002107   Thumb Code     0  startup_stm32f10x_hd.o(.text)
    FLASH_IRQHandler                         0x08002107   Thumb Code     0  startup_stm32f10x_hd.o(.text)
    FSMC_IRQHandler                          0x08002107   Thumb Code     0  startup_stm32f10x_hd.o(.text)
    I2C1_ER_IRQHandler                       0x08002107   Thumb Code     0  startup_stm32f10x_hd.o(.text)
    I2C1_EV_IRQHandler                       0x08002107   Thumb Code     0  startup_stm32f10x_hd.o(.text)
    I2C2_ER_IRQHandler                       0x08002107   Thumb Code     0  startup_stm32f10x_hd.o(.text)
    I2C2_EV_IRQHandler                       0x08002107   Thumb Code     0  startup_stm32f10x_hd.o(.text)
    PVD_IRQHandler                           0x08002107   Thumb Code     0  startup_stm32f10x_hd.o(.text)
    RCC_IRQHandler                           0x08002107   Thumb Code     0  startup_stm32f10x_hd.o(.text)
    RTCAlarm_IRQHandler                      0x08002107   Thumb Code     0  startup_stm32f10x_hd.o(.text)
    RTC_IRQHandler                           0x08002107   Thumb Code     0  startup_stm32f10x_hd.o(.text)
    SDIO_IRQHandler                          0x08002107   Thumb Code     0  startup_stm32f10x_hd.o(.text)
    SPI1_IRQHandler                          0x08002107   Thumb Code     0  startup_stm32f10x_hd.o(.text)
    SPI2_IRQHandler                          0x08002107   Thumb Code     0  startup_stm32f10x_hd.o(.text)
    SPI3_IRQHandler                          0x08002107   Thumb Code     0  startup_stm32f10x_hd.o(.text)
    TAMPER_IRQHandler                        0x08002107   Thumb Code     0  startup_stm32f10x_hd.o(.text)
    TIM1_BRK_IRQHandler                      0x08002107   Thumb Code     0  startup_stm32f10x_hd.o(.text)
    TIM1_CC_IRQHandler                       0x08002107   Thumb Code     0  startup_stm32f10x_hd.o(.text)
    TIM1_TRG_COM_IRQHandler                  0x08002107   Thumb Code     0  startup_stm32f10x_hd.o(.text)
    TIM1_UP_IRQHandler                       0x08002107   Thumb Code     0  startup_stm32f10x_hd.o(.text)
    TIM4_IRQHandler                          0x08002107   Thumb Code     0  startup_stm32f10x_hd.o(.text)
    TIM5_IRQHandler                          0x08002107   Thumb Code     0  startup_stm32f10x_hd.o(.text)
    TIM6_IRQHandler                          0x08002107   Thumb Code     0  startup_stm32f10x_hd.o(.text)
    TIM7_IRQHandler                          0x08002107   Thumb Code     0  startup_stm32f10x_hd.o(.text)
    TIM8_BRK_IRQHandler                      0x08002107   Thumb Code     0  startup_stm32f10x_hd.o(.text)
    TIM8_CC_IRQHandler                       0x08002107   Thumb Code     0  startup_stm32f10x_hd.o(.text)
    TIM8_TRG_COM_IRQHandler                  0x08002107   Thumb Code     0  startup_stm32f10x_hd.o(.text)
    TIM8_UP_IRQHandler                       0x08002107   Thumb Code     0  startup_stm32f10x_hd.o(.text)
    UART4_IRQHandler                         0x08002107   Thumb Code     0  startup_stm32f10x_hd.o(.text)
    UART5_IRQHandler                         0x08002107   Thumb Code     0  startup_stm32f10x_hd.o(.text)
    USART2_IRQHandler                        0x08002107   Thumb Code     0  startup_stm32f10x_hd.o(.text)
    USART3_IRQHandler                        0x08002107   Thumb Code     0  startup_stm32f10x_hd.o(.text)
    USBWakeUp_IRQHandler                     0x08002107   Thumb Code     0  startup_stm32f10x_hd.o(.text)
    USB_HP_CAN1_TX_IRQHandler                0x08002107   Thumb Code     0  startup_stm32f10x_hd.o(.text)
    USB_LP_CAN1_RX0_IRQHandler               0x08002107   Thumb Code     0  startup_stm32f10x_hd.o(.text)
    WWDG_IRQHandler                          0x08002107   Thumb Code     0  startup_stm32f10x_hd.o(.text)
    __user_initial_stackheap                 0x08002109   Thumb Code     0  startup_stm32f10x_hd.o(.text)
    NVIC_PriorityGroupConfig                 0x0800212d   Thumb Code    10  misc.o(.text)
    NVIC_Init                                0x08002137   Thumb Code   102  misc.o(.text)
    NVIC_SetVectorTable                      0x0800219d   Thumb Code    14  misc.o(.text)
    NVIC_SystemLPConfig                      0x080021ab   Thumb Code    34  misc.o(.text)
    SysTick_CLKSourceConfig                  0x080021cd   Thumb Code    40  misc.o(.text)
    GPIO_DeInit                              0x08002209   Thumb Code   172  stm32f10x_gpio.o(.text)
    GPIO_AFIODeInit                          0x080022b5   Thumb Code    20  stm32f10x_gpio.o(.text)
    GPIO_Init                                0x080022c9   Thumb Code   274  stm32f10x_gpio.o(.text)
    GPIO_StructInit                          0x080023db   Thumb Code    16  stm32f10x_gpio.o(.text)
    GPIO_ReadInputDataBit                    0x080023eb   Thumb Code    18  stm32f10x_gpio.o(.text)
    GPIO_ReadInputData                       0x080023fd   Thumb Code     8  stm32f10x_gpio.o(.text)
    GPIO_ReadOutputDataBit                   0x08002405   Thumb Code    18  stm32f10x_gpio.o(.text)
    GPIO_ReadOutputData                      0x08002417   Thumb Code     8  stm32f10x_gpio.o(.text)
    GPIO_SetBits                             0x0800241f   Thumb Code     4  stm32f10x_gpio.o(.text)
    GPIO_ResetBits                           0x08002423   Thumb Code     4  stm32f10x_gpio.o(.text)
    GPIO_WriteBit                            0x08002427   Thumb Code    10  stm32f10x_gpio.o(.text)
    GPIO_Write                               0x08002431   Thumb Code     4  stm32f10x_gpio.o(.text)
    GPIO_PinLockConfig                       0x08002435   Thumb Code    18  stm32f10x_gpio.o(.text)
    GPIO_EventOutputConfig                   0x08002447   Thumb Code    26  stm32f10x_gpio.o(.text)
    GPIO_EventOutputCmd                      0x08002461   Thumb Code     6  stm32f10x_gpio.o(.text)
    GPIO_PinRemapConfig                      0x08002467   Thumb Code   138  stm32f10x_gpio.o(.text)
    GPIO_EXTILineConfig                      0x080024f1   Thumb Code    66  stm32f10x_gpio.o(.text)
    GPIO_ETH_MediaInterfaceConfig            0x08002533   Thumb Code     6  stm32f10x_gpio.o(.text)
    RCC_DeInit                               0x08002561   Thumb Code    64  stm32f10x_rcc.o(.text)
    RCC_HSEConfig                            0x080025a1   Thumb Code    70  stm32f10x_rcc.o(.text)
    RCC_GetFlagStatus                        0x080025e7   Thumb Code    56  stm32f10x_rcc.o(.text)
    RCC_WaitForHSEStartUp                    0x0800261f   Thumb Code    56  stm32f10x_rcc.o(.text)
    RCC_AdjustHSICalibrationValue            0x08002657   Thumb Code    20  stm32f10x_rcc.o(.text)
    RCC_HSICmd                               0x0800266b   Thumb Code     6  stm32f10x_rcc.o(.text)
    RCC_PLLConfig                            0x08002671   Thumb Code    24  stm32f10x_rcc.o(.text)
    RCC_PLLCmd                               0x08002689   Thumb Code     6  stm32f10x_rcc.o(.text)
    RCC_SYSCLKConfig                         0x0800268f   Thumb Code    18  stm32f10x_rcc.o(.text)
    RCC_GetSYSCLKSource                      0x080026a1   Thumb Code    10  stm32f10x_rcc.o(.text)
    RCC_HCLKConfig                           0x080026ab   Thumb Code    18  stm32f10x_rcc.o(.text)
    RCC_PCLK1Config                          0x080026bd   Thumb Code    18  stm32f10x_rcc.o(.text)
    RCC_PCLK2Config                          0x080026cf   Thumb Code    20  stm32f10x_rcc.o(.text)
    RCC_ITConfig                             0x080026e3   Thumb Code    26  stm32f10x_rcc.o(.text)
    RCC_USBCLKConfig                         0x080026fd   Thumb Code     6  stm32f10x_rcc.o(.text)
    RCC_ADCCLKConfig                         0x08002703   Thumb Code    18  stm32f10x_rcc.o(.text)
    RCC_LSEConfig                            0x08002715   Thumb Code    44  stm32f10x_rcc.o(.text)
    RCC_LSICmd                               0x08002741   Thumb Code     6  stm32f10x_rcc.o(.text)
    RCC_RTCCLKConfig                         0x08002747   Thumb Code    12  stm32f10x_rcc.o(.text)
    RCC_RTCCLKCmd                            0x08002753   Thumb Code     8  stm32f10x_rcc.o(.text)
    RCC_GetClocksFreq                        0x0800275b   Thumb Code   192  stm32f10x_rcc.o(.text)
    RCC_AHBPeriphClockCmd                    0x0800281b   Thumb Code    26  stm32f10x_rcc.o(.text)
    RCC_APB2PeriphClockCmd                   0x08002835   Thumb Code    26  stm32f10x_rcc.o(.text)
    RCC_APB1PeriphClockCmd                   0x0800284f   Thumb Code    26  stm32f10x_rcc.o(.text)
    RCC_APB2PeriphResetCmd                   0x08002869   Thumb Code    26  stm32f10x_rcc.o(.text)
    RCC_APB1PeriphResetCmd                   0x08002883   Thumb Code    26  stm32f10x_rcc.o(.text)
    RCC_BackupResetCmd                       0x0800289d   Thumb Code     8  stm32f10x_rcc.o(.text)
    RCC_ClockSecuritySystemCmd               0x080028a5   Thumb Code     6  stm32f10x_rcc.o(.text)
    RCC_MCOConfig                            0x080028ab   Thumb Code     6  stm32f10x_rcc.o(.text)
    RCC_ClearFlag                            0x080028b1   Thumb Code    14  stm32f10x_rcc.o(.text)
    RCC_GetITStatus                          0x080028bf   Thumb Code    20  stm32f10x_rcc.o(.text)
    RCC_ClearITPendingBit                    0x080028d3   Thumb Code     6  stm32f10x_rcc.o(.text)
    TIM_DeInit                               0x08002905   Thumb Code   424  stm32f10x_tim.o(.text)
    TIM_TimeBaseInit                         0x08002aad   Thumb Code   122  stm32f10x_tim.o(.text)
    TIM_OC1Init                              0x08002b27   Thumb Code   132  stm32f10x_tim.o(.text)
    TIM_OC2Init                              0x08002bab   Thumb Code   154  stm32f10x_tim.o(.text)
    TIM_OC3Init                              0x08002c45   Thumb Code   150  stm32f10x_tim.o(.text)
    TIM_OC4Init                              0x08002cdb   Thumb Code   182  stm32f10x_tim.o(.text)
    TIM_SetIC4Prescaler                      0x08002d91   Thumb Code    26  stm32f10x_tim.o(.text)
    TIM_SetIC3Prescaler                      0x08002e2d   Thumb Code    18  stm32f10x_tim.o(.text)
    TIM_SetIC2Prescaler                      0x08002eb9   Thumb Code    26  stm32f10x_tim.o(.text)
    TIM_SetIC1Prescaler                      0x08002f55   Thumb Code    18  stm32f10x_tim.o(.text)
    TIM_ICInit                               0x08002fd3   Thumb Code   150  stm32f10x_tim.o(.text)
    TIM_PWMIConfig                           0x08003069   Thumb Code   124  stm32f10x_tim.o(.text)
    TIM_BDTRConfig                           0x080030e5   Thumb Code    32  stm32f10x_tim.o(.text)
    TIM_TimeBaseStructInit                   0x08003105   Thumb Code    18  stm32f10x_tim.o(.text)
    TIM_OCStructInit                         0x08003117   Thumb Code    20  stm32f10x_tim.o(.text)
    TIM_ICStructInit                         0x0800312b   Thumb Code    18  stm32f10x_tim.o(.text)
    TIM_BDTRStructInit                       0x0800313d   Thumb Code    40  stm32f10x_tim.o(.text)
    TIM_Cmd                                  0x08003165   Thumb Code    24  stm32f10x_tim.o(.text)
    TIM_CtrlPWMOutputs                       0x0800317d   Thumb Code    30  stm32f10x_tim.o(.text)
    TIM_ITConfig                             0x0800319b   Thumb Code    18  stm32f10x_tim.o(.text)
    TIM_GenerateEvent                        0x080031ad   Thumb Code     4  stm32f10x_tim.o(.text)
    TIM_DMAConfig                            0x080031b1   Thumb Code    10  stm32f10x_tim.o(.text)
    TIM_DMACmd                               0x080031bb   Thumb Code    18  stm32f10x_tim.o(.text)
    TIM_InternalClockConfig                  0x080031cd   Thumb Code    12  stm32f10x_tim.o(.text)
    TIM_SelectInputTrigger                   0x080031d9   Thumb Code    18  stm32f10x_tim.o(.text)
    TIM_ITRxExternalClockConfig              0x080031eb   Thumb Code    24  stm32f10x_tim.o(.text)
    TIM_TIxExternalClockConfig               0x08003203   Thumb Code    62  stm32f10x_tim.o(.text)
    TIM_ETRConfig                            0x08003241   Thumb Code    28  stm32f10x_tim.o(.text)
    TIM_ETRClockMode1Config                  0x0800325d   Thumb Code    54  stm32f10x_tim.o(.text)
    TIM_ETRClockMode2Config                  0x08003293   Thumb Code    32  stm32f10x_tim.o(.text)
    TIM_PrescalerConfig                      0x080032b3   Thumb Code     6  stm32f10x_tim.o(.text)
    TIM_CounterModeConfig                    0x080032b9   Thumb Code    18  stm32f10x_tim.o(.text)
    TIM_EncoderInterfaceConfig               0x080032cb   Thumb Code    66  stm32f10x_tim.o(.text)
    TIM_ForcedOC1Config                      0x0800330d   Thumb Code    18  stm32f10x_tim.o(.text)
    TIM_ForcedOC2Config                      0x0800331f   Thumb Code    26  stm32f10x_tim.o(.text)
    TIM_ForcedOC3Config                      0x08003339   Thumb Code    18  stm32f10x_tim.o(.text)
    TIM_ForcedOC4Config                      0x0800334b   Thumb Code    26  stm32f10x_tim.o(.text)
    TIM_ARRPreloadConfig                     0x08003365   Thumb Code    24  stm32f10x_tim.o(.text)
    TIM_SelectCOM                            0x0800337d   Thumb Code    24  stm32f10x_tim.o(.text)
    TIM_SelectCCDMA                          0x08003395   Thumb Code    24  stm32f10x_tim.o(.text)
    TIM_CCPreloadControl                     0x080033ad   Thumb Code    24  stm32f10x_tim.o(.text)
    TIM_OC1PreloadConfig                     0x080033c5   Thumb Code    18  stm32f10x_tim.o(.text)
    TIM_OC2PreloadConfig                     0x080033d7   Thumb Code    26  stm32f10x_tim.o(.text)
    TIM_OC3PreloadConfig                     0x080033f1   Thumb Code    18  stm32f10x_tim.o(.text)
    TIM_OC4PreloadConfig                     0x08003403   Thumb Code    26  stm32f10x_tim.o(.text)
    TIM_OC1FastConfig                        0x0800341d   Thumb Code    18  stm32f10x_tim.o(.text)
    TIM_OC2FastConfig                        0x0800342f   Thumb Code    26  stm32f10x_tim.o(.text)
    TIM_OC3FastConfig                        0x08003449   Thumb Code    18  stm32f10x_tim.o(.text)
    TIM_OC4FastConfig                        0x0800345b   Thumb Code    26  stm32f10x_tim.o(.text)
    TIM_ClearOC1Ref                          0x08003475   Thumb Code    18  stm32f10x_tim.o(.text)
    TIM_ClearOC2Ref                          0x08003487   Thumb Code    24  stm32f10x_tim.o(.text)
    TIM_ClearOC3Ref                          0x0800349f   Thumb Code    18  stm32f10x_tim.o(.text)
    TIM_ClearOC4Ref                          0x080034b1   Thumb Code    24  stm32f10x_tim.o(.text)
    TIM_OC1PolarityConfig                    0x080034c9   Thumb Code    18  stm32f10x_tim.o(.text)
    TIM_OC1NPolarityConfig                   0x080034db   Thumb Code    18  stm32f10x_tim.o(.text)
    TIM_OC2PolarityConfig                    0x080034ed   Thumb Code    26  stm32f10x_tim.o(.text)
    TIM_OC2NPolarityConfig                   0x08003507   Thumb Code    26  stm32f10x_tim.o(.text)
    TIM_OC3PolarityConfig                    0x08003521   Thumb Code    26  stm32f10x_tim.o(.text)
    TIM_OC3NPolarityConfig                   0x0800353b   Thumb Code    26  stm32f10x_tim.o(.text)
    TIM_OC4PolarityConfig                    0x08003555   Thumb Code    26  stm32f10x_tim.o(.text)
    TIM_CCxCmd                               0x0800356f   Thumb Code    30  stm32f10x_tim.o(.text)
    TIM_CCxNCmd                              0x0800358d   Thumb Code    30  stm32f10x_tim.o(.text)
    TIM_SelectOCxM                           0x080035ab   Thumb Code    82  stm32f10x_tim.o(.text)
    TIM_UpdateDisableConfig                  0x080035fd   Thumb Code    24  stm32f10x_tim.o(.text)
    TIM_UpdateRequestConfig                  0x08003615   Thumb Code    24  stm32f10x_tim.o(.text)
    TIM_SelectHallSensor                     0x0800362d   Thumb Code    24  stm32f10x_tim.o(.text)
    TIM_SelectOnePulseMode                   0x08003645   Thumb Code    18  stm32f10x_tim.o(.text)
    TIM_SelectOutputTrigger                  0x08003657   Thumb Code    18  stm32f10x_tim.o(.text)
    TIM_SelectSlaveMode                      0x08003669   Thumb Code    18  stm32f10x_tim.o(.text)
    TIM_SelectMasterSlaveMode                0x0800367b   Thumb Code    18  stm32f10x_tim.o(.text)
    TIM_SetCounter                           0x0800368d   Thumb Code     4  stm32f10x_tim.o(.text)
    TIM_SetAutoreload                        0x08003691   Thumb Code     4  stm32f10x_tim.o(.text)
    TIM_SetCompare1                          0x08003695   Thumb Code     4  stm32f10x_tim.o(.text)
    TIM_SetCompare2                          0x08003699   Thumb Code     4  stm32f10x_tim.o(.text)
    TIM_SetCompare3                          0x0800369d   Thumb Code     4  stm32f10x_tim.o(.text)
    TIM_SetCompare4                          0x080036a1   Thumb Code     6  stm32f10x_tim.o(.text)
    TIM_SetClockDivision                     0x080036a7   Thumb Code    18  stm32f10x_tim.o(.text)
    TIM_GetCapture1                          0x080036b9   Thumb Code     6  stm32f10x_tim.o(.text)
    TIM_GetCapture2                          0x080036bf   Thumb Code     6  stm32f10x_tim.o(.text)
    TIM_GetCapture3                          0x080036c5   Thumb Code     6  stm32f10x_tim.o(.text)
    TIM_GetCapture4                          0x080036cb   Thumb Code     8  stm32f10x_tim.o(.text)
    TIM_GetCounter                           0x080036d3   Thumb Code     6  stm32f10x_tim.o(.text)
    TIM_GetPrescaler                         0x080036d9   Thumb Code     6  stm32f10x_tim.o(.text)
    TIM_GetFlagStatus                        0x080036df   Thumb Code    18  stm32f10x_tim.o(.text)
    TIM_ClearFlag                            0x080036f1   Thumb Code     6  stm32f10x_tim.o(.text)
    TIM_GetITStatus                          0x080036f7   Thumb Code    34  stm32f10x_tim.o(.text)
    TIM_ClearITPendingBit                    0x08003719   Thumb Code     6  stm32f10x_tim.o(.text)
    USART_DeInit                             0x08003721   Thumb Code   134  stm32f10x_usart.o(.text)
    USART_Init                               0x080037a7   Thumb Code   210  stm32f10x_usart.o(.text)
    USART_StructInit                         0x08003879   Thumb Code    24  stm32f10x_usart.o(.text)
    USART_ClockInit                          0x08003891   Thumb Code    34  stm32f10x_usart.o(.text)
    USART_ClockStructInit                    0x080038b3   Thumb Code    12  stm32f10x_usart.o(.text)
    USART_Cmd                                0x080038bf   Thumb Code    24  stm32f10x_usart.o(.text)
    USART_ITConfig                           0x080038d7   Thumb Code    74  stm32f10x_usart.o(.text)
    USART_DMACmd                             0x08003921   Thumb Code    18  stm32f10x_usart.o(.text)
    USART_SetAddress                         0x08003933   Thumb Code    18  stm32f10x_usart.o(.text)
    USART_WakeUpConfig                       0x08003945   Thumb Code    18  stm32f10x_usart.o(.text)
    USART_ReceiverWakeUpCmd                  0x08003957   Thumb Code    24  stm32f10x_usart.o(.text)
    USART_LINBreakDetectLengthConfig         0x0800396f   Thumb Code    18  stm32f10x_usart.o(.text)
    USART_LINCmd                             0x08003981   Thumb Code    24  stm32f10x_usart.o(.text)
    USART_SendData                           0x08003999   Thumb Code     8  stm32f10x_usart.o(.text)
    USART_ReceiveData                        0x080039a1   Thumb Code    10  stm32f10x_usart.o(.text)
    USART_SendBreak                          0x080039ab   Thumb Code    10  stm32f10x_usart.o(.text)
    USART_SetGuardTime                       0x080039b5   Thumb Code    16  stm32f10x_usart.o(.text)
    USART_SetPrescaler                       0x080039c5   Thumb Code    16  stm32f10x_usart.o(.text)
    USART_SmartCardCmd                       0x080039d5   Thumb Code    24  stm32f10x_usart.o(.text)
    USART_SmartCardNACKCmd                   0x080039ed   Thumb Code    24  stm32f10x_usart.o(.text)
    USART_HalfDuplexCmd                      0x08003a05   Thumb Code    24  stm32f10x_usart.o(.text)
    USART_OverSampling8Cmd                   0x08003a1d   Thumb Code    22  stm32f10x_usart.o(.text)
    USART_OneBitMethodCmd                    0x08003a33   Thumb Code    24  stm32f10x_usart.o(.text)
    USART_IrDAConfig                         0x08003a4b   Thumb Code    18  stm32f10x_usart.o(.text)
    USART_IrDACmd                            0x08003a5d   Thumb Code    24  stm32f10x_usart.o(.text)
    USART_GetFlagStatus                      0x08003a75   Thumb Code    26  stm32f10x_usart.o(.text)
    USART_ClearFlag                          0x08003a8f   Thumb Code    18  stm32f10x_usart.o(.text)
    USART_GetITStatus                        0x08003aa1   Thumb Code    84  stm32f10x_usart.o(.text)
    USART_ClearITPendingBit                  0x08003af5   Thumb Code    52  stm32f10x_usart.o(.text)
    DMA_DeInit                               0x08003b29   Thumb Code   324  stm32f10x_dma.o(.text)
    DMA_Init                                 0x08003c6d   Thumb Code    60  stm32f10x_dma.o(.text)
    DMA_StructInit                           0x08003ca9   Thumb Code    26  stm32f10x_dma.o(.text)
    DMA_Cmd                                  0x08003cc3   Thumb Code    24  stm32f10x_dma.o(.text)
    DMA_ITConfig                             0x08003cdb   Thumb Code    18  stm32f10x_dma.o(.text)
    DMA_SetCurrDataCounter                   0x08003ced   Thumb Code     4  stm32f10x_dma.o(.text)
    DMA_GetCurrDataCounter                   0x08003cf1   Thumb Code     8  stm32f10x_dma.o(.text)
    DMA_GetFlagStatus                        0x08003cf9   Thumb Code    38  stm32f10x_dma.o(.text)
    DMA_ClearFlag                            0x08003d1f   Thumb Code    22  stm32f10x_dma.o(.text)
    DMA_GetITStatus                          0x08003d35   Thumb Code    38  stm32f10x_dma.o(.text)
    DMA_ClearITPendingBit                    0x08003d5b   Thumb Code    22  stm32f10x_dma.o(.text)
    FLASH_SetLatency                         0x08003d79   Thumb Code    18  stm32f10x_flash.o(.text)
    FLASH_HalfCycleAccessCmd                 0x08003d8b   Thumb Code    22  stm32f10x_flash.o(.text)
    FLASH_PrefetchBufferCmd                  0x08003da1   Thumb Code    22  stm32f10x_flash.o(.text)
    FLASH_Unlock                             0x08003db7   Thumb Code    12  stm32f10x_flash.o(.text)
    FLASH_UnlockBank1                        0x08003dc3   Thumb Code    12  stm32f10x_flash.o(.text)
    FLASH_Lock                               0x08003dcf   Thumb Code    14  stm32f10x_flash.o(.text)
    FLASH_LockBank1                          0x08003ddd   Thumb Code    14  stm32f10x_flash.o(.text)
    FLASH_GetBank1Status                     0x08003deb   Thumb Code    48  stm32f10x_flash.o(.text)
    FLASH_WaitForLastOperation               0x08003e1b   Thumb Code    38  stm32f10x_flash.o(.text)
    FLASH_ErasePage                          0x08003e41   Thumb Code    72  stm32f10x_flash.o(.text)
    FLASH_EraseAllPages                      0x08003e89   Thumb Code    68  stm32f10x_flash.o(.text)
    FLASH_WaitForLastBank1Operation          0x08003ecd   Thumb Code    38  stm32f10x_flash.o(.text)
    FLASH_EraseAllBank1Pages                 0x08003ef3   Thumb Code    68  stm32f10x_flash.o(.text)
    FLASH_GetReadOutProtectionStatus         0x08003f37   Thumb Code    20  stm32f10x_flash.o(.text)
    FLASH_EraseOptionBytes                   0x08003f4b   Thumb Code   150  stm32f10x_flash.o(.text)
    FLASH_ProgramWord                        0x08003fe1   Thumb Code   102  stm32f10x_flash.o(.text)
    FLASH_ProgramHalfWord                    0x08004047   Thumb Code    60  stm32f10x_flash.o(.text)
    FLASH_ProgramOptionByteData              0x08004083   Thumb Code    72  stm32f10x_flash.o(.text)
    FLASH_EnableWriteProtection              0x080040cb   Thumb Code   200  stm32f10x_flash.o(.text)
    FLASH_ReadOutProtection                  0x08004193   Thumb Code   156  stm32f10x_flash.o(.text)
    FLASH_UserOptionByteConfig               0x0800422f   Thumb Code    88  stm32f10x_flash.o(.text)
    FLASH_GetUserOptionByte                  0x08004287   Thumb Code     8  stm32f10x_flash.o(.text)
    FLASH_GetWriteProtectionOptionByte       0x0800428f   Thumb Code     6  stm32f10x_flash.o(.text)
    FLASH_GetPrefetchBufferStatus            0x08004295   Thumb Code    20  stm32f10x_flash.o(.text)
    FLASH_ITConfig                           0x080042a9   Thumb Code    26  stm32f10x_flash.o(.text)
    FLASH_GetFlagStatus                      0x080042c3   Thumb Code    42  stm32f10x_flash.o(.text)
    FLASH_ClearFlag                          0x080042ed   Thumb Code     6  stm32f10x_flash.o(.text)
    FLASH_GetStatus                          0x080042f3   Thumb Code    48  stm32f10x_flash.o(.text)
    SysTick_Handler                          0x08004335   Thumb Code    16  delay.o(.text)
    delay_init                               0x08004345   Thumb Code    76  delay.o(.text)
    delay_us                                 0x08004391   Thumb Code    70  delay.o(.text)
    delay_ms                                 0x080043d7   Thumb Code    62  delay.o(.text)
    NVIC_Configuration                       0x08004429   Thumb Code    12  sys.o(.text)
    DisableJTAG                              0x08004435   Thumb Code    20  sys.o(.text)
    OS_TaskStatStkChk                        0x0800444d   Thumb Code    54  os_core.o(.text)
    OS_TaskStat                              0x08004483   Thumb Code   116  os_core.o(.text)
    OS_TaskIdle                              0x0800452b   Thumb Code    34  os_core.o(.text)
    OS_MemClr                                0x08004581   Thumb Code    18  os_core.o(.text)
    OSInit                                   0x0800469f   Thumb Code    48  os_core.o(.text)
    OSIntEnter                               0x080046cf   Thumb Code    28  os_core.o(.text)
    OSIntExit                                0x08004705   Thumb Code   112  os_core.o(.text)
    OSSchedLock                              0x08004775   Thumb Code    50  os_core.o(.text)
    OS_Sched                                 0x080047a7   Thumb Code    88  os_core.o(.text)
    OSSchedUnlock                            0x080047ff   Thumb Code   238  os_core.o(.text)
    OSStart                                  0x080048ed   Thumb Code    48  os_core.o(.text)
    OSStatInit                               0x0800491d   Thumb Code    62  os_core.o(.text)
    OSTimeTick                               0x0800495b   Thumb Code   218  os_core.o(.text)
    OSVersion                                0x08004a35   Thumb Code     6  os_core.o(.text)
    OS_Dummy                                 0x08004a3b   Thumb Code     2  os_core.o(.text)
    OS_EventTaskRemove                       0x08004a3d   Thumb Code    42  os_core.o(.text)
    OS_EventTaskRdy                          0x08004a67   Thumb Code   118  os_core.o(.text)
    OS_EventTaskWait                         0x08004add   Thumb Code   112  os_core.o(.text)
    OS_EventWaitListInit                     0x08004b4d   Thumb Code    28  os_core.o(.text)
    OS_MemCopy                               0x08004b69   Thumb Code    20  os_core.o(.text)
    OS_StrLen                                0x08004b7d   Thumb Code    20  os_core.o(.text)
    OS_TCBInit                               0x08004b91   Thumb Code   294  os_core.o(.text)
    OSFlagAccept                             0x08004cfd   Thumb Code   252  os_flag.o(.text)
    OSFlagCreate                             0x08004df9   Thumb Code    86  os_flag.o(.text)
    OS_FlagUnlink                            0x08004e4f   Thumb Code    36  os_flag.o(.text)
    OSFlagDel                                0x08004ed3   Thumb Code   214  os_flag.o(.text)
    OSFlagNameGet                            0x08004fa9   Thumb Code    80  os_flag.o(.text)
    OSFlagNameSet                            0x08004ff9   Thumb Code    66  os_flag.o(.text)
    OSFlagPend                               0x080050d3   Thumb Code   614  os_flag.o(.text)
    OSFlagPendGetFlagsRdy                    0x08005339   Thumb Code    26  os_flag.o(.text)
    OSFlagPost                               0x08005353   Thumb Code   312  os_flag.o(.text)
    OSFlagQuery                              0x0800548b   Thumb Code    48  os_flag.o(.text)
    OS_FlagInit                              0x080054bb   Thumb Code    78  os_flag.o(.text)
    OSMboxAccept                             0x08005515   Thumb Code    38  os_mbox.o(.text)
    OSMboxCreate                             0x0800553b   Thumb Code    68  os_mbox.o(.text)
    OSMboxDel                                0x0800557f   Thumb Code   200  os_mbox.o(.text)
    OSMboxPend                               0x08005647   Thumb Code   246  os_mbox.o(.text)
    OSMboxPendAbort                          0x0800573d   Thumb Code   128  os_mbox.o(.text)
    OSMboxPost                               0x080057bd   Thumb Code    80  os_mbox.o(.text)
    OSMboxPostOpt                            0x0800580d   Thumb Code   120  os_mbox.o(.text)
    OSMboxQuery                              0x08005885   Thumb Code    76  os_mbox.o(.text)
    OSQAccept                                0x080058e1   Thumb Code    88  os_q.o(.text)
    OSQCreate                                0x08005939   Thumb Code   140  os_q.o(.text)
    OSQDel                                   0x080059c5   Thumb Code   236  os_q.o(.text)
    OSQFlush                                 0x08005ab1   Thumb Code    36  os_q.o(.text)
    OSQPend                                  0x08005ad5   Thumb Code   272  os_q.o(.text)
    OSQPendAbort                             0x08005be5   Thumb Code   128  os_q.o(.text)
    OSQPost                                  0x08005c65   Thumb Code   114  os_q.o(.text)
    OSQPostFront                             0x08005cd7   Thumb Code   136  os_q.o(.text)
    OSQPostOpt                               0x08005d5f   Thumb Code   182  os_q.o(.text)
    OSQQuery                                 0x08005e15   Thumb Code    98  os_q.o(.text)
    OS_QInit                                 0x08005e77   Thumb Code    72  os_q.o(.text)
    OSSemAccept                              0x08005ec9   Thumb Code    42  os_sem.o(.text)
    OSSemCreate                              0x08005ef3   Thumb Code    68  os_sem.o(.text)
    OSSemDel                                 0x08005f37   Thumb Code   200  os_sem.o(.text)
    OSSemPend                                0x08005fff   Thumb Code   222  os_sem.o(.text)
    OSSemPendAbort                           0x080060dd   Thumb Code   128  os_sem.o(.text)
    OSSemPost                                0x0800615d   Thumb Code    88  os_sem.o(.text)
    OSSemQuery                               0x080061b5   Thumb Code    76  os_sem.o(.text)
    OSSemSet                                 0x08006201   Thumb Code    66  os_sem.o(.text)
    OSTaskChangePrio                         0x08006255   Thumb Code   310  os_task.o(.text)
    OSTaskCreate                             0x0800638b   Thumb Code   148  os_task.o(.text)
    OS_TaskStkClr                            0x0800641f   Thumb Code    26  os_task.o(.text)
    OSTaskCreateExt                          0x08006439   Thumb Code   170  os_task.o(.text)
    OSTaskDel                                0x080064e3   Thumb Code   294  os_task.o(.text)
    OSTaskDelReq                             0x08006609   Thumb Code   146  os_task.o(.text)
    OSTaskNameGet                            0x0800669b   Thumb Code   114  os_task.o(.text)
    OSTaskNameSet                            0x0800670d   Thumb Code    98  os_task.o(.text)
    OSTaskResume                             0x0800676f   Thumb Code   160  os_task.o(.text)
    OSTaskStkChk                             0x0800680f   Thumb Code   132  os_task.o(.text)
    OSTaskSuspend                            0x08006893   Thumb Code   152  os_task.o(.text)
    OSTaskQuery                              0x0800692b   Thumb Code    82  os_task.o(.text)
    OSTaskRegGet                             0x0800697d   Thumb Code    60  os_task.o(.text)
    OSTaskRegSet                             0x080069b9   Thumb Code    62  os_task.o(.text)
    OS_TaskReturn                            0x080069f7   Thumb Code    18  os_task.o(.text)
    OSTimeDly                                0x08006a21   Thumb Code   100  os_time.o(.text)
    OSTimeDlyHMSM                            0x08006a85   Thumb Code    86  os_time.o(.text)
    OSTimeDlyResume                          0x08006adb   Thumb Code   176  os_time.o(.text)
    OSTimeGet                                0x08006b8b   Thumb Code    24  os_time.o(.text)
    OSTimeSet                                0x08006ba3   Thumb Code    24  os_time.o(.text)
    OSTmrCreate                              0x08006c0b   Thumb Code    96  os_tmr.o(.text)
    OSTmrDel                                 0x08006ce3   Thumb Code   124  os_tmr.o(.text)
    OSTmrNameGet                             0x08006d5f   Thumb Code   114  os_tmr.o(.text)
    OSTmrRemainGet                           0x08006dd1   Thumb Code   164  os_tmr.o(.text)
    OSTmrStateGet                            0x08006e75   Thumb Code    86  os_tmr.o(.text)
    OSTmrStart                               0x08006f2f   Thumb Code   128  os_tmr.o(.text)
    OSTmrStop                                0x08006faf   Thumb Code   210  os_tmr.o(.text)
    OSTmrSignal                              0x08007081   Thumb Code    16  os_tmr.o(.text)
    OSTmr_Init                               0x08007135   Thumb Code   152  os_tmr.o(.text)
    OSInitHookBegin                          0x0800720d   Thumb Code     8  os_cpu_c.o(.text)
    OSInitHookEnd                            0x08007215   Thumb Code     2  os_cpu_c.o(.text)
    OSTaskCreateHook                         0x08007217   Thumb Code     2  os_cpu_c.o(.text)
    OSTaskDelHook                            0x08007219   Thumb Code     2  os_cpu_c.o(.text)
    OSTaskIdleHook                           0x0800721b   Thumb Code     2  os_cpu_c.o(.text)
    OSTaskStatHook                           0x0800721d   Thumb Code     2  os_cpu_c.o(.text)
    OSTaskStkInit                            0x0800721f   Thumb Code   154  os_cpu_c.o(.text)
    OSTaskSwHook                             0x080072b9   Thumb Code     2  os_cpu_c.o(.text)
    OSTCBInitHook                            0x080072bb   Thumb Code     2  os_cpu_c.o(.text)
    OSTimeTickHook                           0x080072bd   Thumb Code    30  os_cpu_c.o(.text)
    OSTaskReturnHook                         0x080072db   Thumb Code     2  os_cpu_c.o(.text)
    OS_CPU_SR_Save                           0x080072e1   Thumb Code     0  os_cpu_a.o(.text)
    OS_CPU_SR_Restore                        0x080072e9   Thumb Code     0  os_cpu_a.o(.text)
    OSStartHighRdy                           0x080072ef   Thumb Code     0  os_cpu_a.o(.text)
    OSCtxSw                                  0x08007311   Thumb Code     0  os_cpu_a.o(.text)
    OSIntCtxSw                               0x0800731f   Thumb Code     0  os_cpu_a.o(.text)
    PendSV_Handler                           0x0800732f   Thumb Code     0  os_cpu_a.o(.text)
    __use_two_region_memory                  0x08007395   Thumb Code     2  heapauxi.o(.text)
    __rt_heap_escrow$2region                 0x08007397   Thumb Code     2  heapauxi.o(.text)
    __rt_heap_expand$2region                 0x08007399   Thumb Code     2  heapauxi.o(.text)
    __user_setup_stackheap                   0x0800739b   Thumb Code    74  sys_stackheap_outer.o(.text)
    exit                                     0x080073e5   Thumb Code    12  exit.o(.text)
    __user_libspace                          0x080073f1   Thumb Code     8  libspace.o(.text)
    __user_perproc_libspace                  0x080073f1   Thumb Code     0  libspace.o(.text)
    __user_perthread_libspace                0x080073f1   Thumb Code     0  libspace.o(.text)
    _sys_exit                                0x080073f9   Thumb Code     8  sys_exit.o(.text)
    __I$use$semihosting                      0x08007405   Thumb Code     0  use_no_semi.o(.text)
    __use_no_semihosting_swi                 0x08007405   Thumb Code     2  use_no_semi.o(.text)
    OSUnMapTbl                               0x08007406   Data         256  os_core.o(.constdata)
    __semihosting_library_function           0x08007407   Thumb Code     0  indicate_semi.o(.text)
    Region$$Table$$Base                      0x08007508   Number         0  anon$$obj.o(Region$$Table)
    Region$$Table$$Limit                     0x08007528   Number         0  anon$$obj.o(Region$$Table)
    LeftRightOffsetValue                     0x20000000   Data           4  main.o(.data)
    SilentTime                               0x20000004   Data           2  main.o(.data)
    State                                    0x20000006   Data           1  main.o(.data)
    UsartUsingTime                           0x20000007   Data           1  main.o(.data)
    UsartAskCnt                              0x20000008   Data           1  main.o(.data)
    faultCnt                                 0x20000009   Data           3  main.o(.data)
    Usart_flag                               0x2000000c   Data           1  main.o(.data)
    SendCnt                                  0x2000000d   Data           1  main.o(.data)
    BackOffsetValue                          0x2000000e   Data           2  main.o(.data)
    nettemp                                  0x20000010   Data           1  main.o(.data)
    netState                                 0x20000011   Data           6  main.o(.data)
    q_msg                                    0x20000018   Data           4  main.o(.data)
    msg_hand                                 0x2000001c   Data           4  main.o(.data)
    msg_uart                                 0x20000020   Data           4  main.o(.data)
    msg_receive                              0x20000024   Data           4  main.o(.data)
    msg_write                                0x20000028   Data           4  main.o(.data)
    tmr1                                     0x2000002c   Data           4  main.o(.data)
    tmr2                                     0x20000030   Data           4  main.o(.data)
    SystemCoreClock                          0x20000034   Data           4  system_stm32f10x.o(.data)
    AHBPrescTable                            0x20000038   Data          16  system_stm32f10x.o(.data)
    Nixie                                    0x20000051   Data           2  config.o(.data)
    StartAddr                                0x20000054   Data          52  flashwr.o(.data)
    EndAddr                                  0x20000088   Data          52  flashwr.o(.data)
    FlashAddress                             0x200000bc   Data           4  flashwr.o(.data)
    NbrOfPage                                0x200000c0   Data           4  flashwr.o(.data)
    FLASHStatus                              0x200000c4   Data           1  flashwr.o(.data)
    MemoryProgramStatus                      0x200000c5   Data           1  flashwr.o(.data)
    OSCtxSwCtr                               0x200000e0   Data           4  os_core.o(.data)
    OSEventFreeList                          0x200000e4   Data           4  os_core.o(.data)
    OSFlagFreeList                           0x200000e8   Data           4  os_core.o(.data)
    OSCPUUsage                               0x200000ec   Data           1  os_core.o(.data)
    OSIdleCtrMax                             0x200000f0   Data           4  os_core.o(.data)
    OSIdleCtrRun                             0x200000f4   Data           4  os_core.o(.data)
    OSStatRdy                                0x200000f8   Data           1  os_core.o(.data)
    OSIntNesting                             0x200000f9   Data           1  os_core.o(.data)
    OSLockNesting                            0x200000fa   Data           1  os_core.o(.data)
    OSPrioCur                                0x200000fb   Data           1  os_core.o(.data)
    OSPrioHighRdy                            0x200000fc   Data           1  os_core.o(.data)
    OSRdyGrp                                 0x200000fd   Data           1  os_core.o(.data)
    OSRdyTbl                                 0x200000fe   Data           8  os_core.o(.data)
    OSRunning                                0x20000106   Data           1  os_core.o(.data)
    OSTaskCtr                                0x20000107   Data           1  os_core.o(.data)
    OSIdleCtr                                0x20000108   Data           4  os_core.o(.data)
    OSTCBCur                                 0x2000010c   Data           4  os_core.o(.data)
    OSTCBFreeList                            0x20000110   Data           4  os_core.o(.data)
    OSTCBHighRdy                             0x20000114   Data           4  os_core.o(.data)
    OSTCBList                                0x20000118   Data           4  os_core.o(.data)
    OSTickStepState                          0x2000011c   Data           1  os_core.o(.data)
    OSQFreeList                              0x20000120   Data           4  os_core.o(.data)
    OSTime                                   0x20000124   Data           4  os_core.o(.data)
    OSTmrFree                                0x20000128   Data           2  os_core.o(.data)
    OSTmrUsed                                0x2000012a   Data           2  os_core.o(.data)
    OSTmrTime                                0x2000012c   Data           4  os_core.o(.data)
    OSTmrSem                                 0x20000130   Data           4  os_core.o(.data)
    OSTmrSemSignal                           0x20000134   Data           4  os_core.o(.data)
    OSTmrFreeList                            0x20000138   Data           4  os_core.o(.data)
    OSInterrputSum                           0x2000013c   Data           4  os_cpu_c.o(.data)
    MMSI                                     0x20000144   Data          12  main.o(.bss)
    netparam                                 0x20000150   Data          12  main.o(.bss)
    q_data                                   0x2000015c   Data          20  main.o(.bss)
    START_TASK_STK                           0x20000170   Data         256  main.o(.bss)
    KEY_TASK_STK                             0x20000270   Data         256  main.o(.bss)
    HANDSHAKE_TASK_STK                       0x20000370   Data         256  main.o(.bss)
    NixieTube_TASK_STK                       0x20000470   Data         256  main.o(.bss)
    USARTSEND_TASK_STK                       0x20000570   Data        1024  main.o(.bss)
    PARAMSET_TASK_STK                        0x20000970   Data        1024  main.o(.bss)
    MsgGrp                                   0x20000d70   Data        1024  main.o(.bss)
    MsgWrite                                 0x20001170   Data          40  main.o(.bss)
    rx1buf                                   0x20001198   Data          20  usart.o(.bss)
    tx1buf                                   0x200011ac   Data          20  usart.o(.bss)
    OSEventTbl                               0x200011f8   Data         200  os_core.o(.bss)
    OSFlagTbl                                0x200012c0   Data          80  os_core.o(.bss)
    OSTaskStatStk                            0x20001310   Data         512  os_core.o(.bss)
    OSTaskIdleStk                            0x20001510   Data         512  os_core.o(.bss)
    OSTCBPrioTbl                             0x20001710   Data         256  os_core.o(.bss)
    OSTCBTbl                                 0x20001810   Data        1008  os_core.o(.bss)
    OSQTbl                                   0x20001c00   Data         120  os_core.o(.bss)
    OSTmrTbl                                 0x20001c78   Data         640  os_core.o(.bss)
    OSTmrTaskStk                             0x20001ef8   Data         512  os_core.o(.bss)
    OSTmrWheelTbl                            0x200020f8   Data          64  os_core.o(.bss)
    __libspace_start                         0x20002138   Data          96  libspace.o(.bss)
    __temporary_stack_top$libspace           0x20002198   Data           0  libspace.o(.bss)



==============================================================================

Memory Map of the image

  Image Entry point : 0x08000131

  Load Region LR_IROM1 (Base: 0x08000000, Size: 0x0000766c, Max: 0x00010000, ABSOLUTE, COMPRESSED[0x00007598])

    Execution Region ER_IROM1 (Base: 0x08000000, Size: 0x00007528, Max: 0x00010000, ABSOLUTE)

    Base Addr    Size         Type   Attr      Idx    E Section Name        Object

    0x08000000   0x00000130   Data   RO          288    RESET               startup_stm32f10x_hd.o
    0x08000130   0x00000008   Code   RO          568  * !!!main             c_w.l(__main.o)
    0x08000138   0x00000034   Code   RO          724    !!!scatter          c_w.l(__scatter.o)
    0x0800016c   0x0000005a   Code   RO          722    !!dczerorl2         c_w.l(__dczerorl2.o)
    0x080001c6   0x00000002   PAD
    0x080001c8   0x0000001c   Code   RO          726    !!handler_zi        c_w.l(__scatter_zi.o)
    0x080001e4   0x00000002   Code   RO          595    .ARM.Collect$$libinit$$00000000  c_w.l(libinit.o)
    0x080001e6   0x00000000   Code   RO          602    .ARM.Collect$$libinit$$00000002  c_w.l(libinit2.o)
    0x080001e6   0x00000000   Code   RO          605    .ARM.Collect$$libinit$$00000008  c_w.l(libinit2.o)
    0x080001e6   0x00000000   Code   RO          607    .ARM.Collect$$libinit$$0000000A  c_w.l(libinit2.o)
    0x080001e6   0x00000000   Code   RO          609    .ARM.Collect$$libinit$$0000000C  c_w.l(libinit2.o)
    0x080001e6   0x00000000   Code   RO          612    .ARM.Collect$$libinit$$0000000F  c_w.l(libinit2.o)
    0x080001e6   0x00000000   Code   RO          614    .ARM.Collect$$libinit$$00000011  c_w.l(libinit2.o)
    0x080001e6   0x00000000   Code   RO          616    .ARM.Collect$$libinit$$00000013  c_w.l(libinit2.o)
    0x080001e6   0x00000000   Code   RO          618    .ARM.Collect$$libinit$$00000015  c_w.l(libinit2.o)
    0x080001e6   0x00000000   Code   RO          620    .ARM.Collect$$libinit$$00000017  c_w.l(libinit2.o)
    0x080001e6   0x00000000   Code   RO          622    .ARM.Collect$$libinit$$00000019  c_w.l(libinit2.o)
    0x080001e6   0x00000000   Code   RO          624    .ARM.Collect$$libinit$$0000001B  c_w.l(libinit2.o)
    0x080001e6   0x00000000   Code   RO          626    .ARM.Collect$$libinit$$0000001D  c_w.l(libinit2.o)
    0x080001e6   0x00000000   Code   RO          628    .ARM.Collect$$libinit$$0000001F  c_w.l(libinit2.o)
    0x080001e6   0x00000000   Code   RO          630    .ARM.Collect$$libinit$$00000021  c_w.l(libinit2.o)
    0x080001e6   0x00000000   Code   RO          632    .ARM.Collect$$libinit$$00000023  c_w.l(libinit2.o)
    0x080001e6   0x00000000   Code   RO          636    .ARM.Collect$$libinit$$0000002A  c_w.l(libinit2.o)
    0x080001e6   0x00000000   Code   RO          638    .ARM.Collect$$libinit$$0000002C  c_w.l(libinit2.o)
    0x080001e6   0x00000000   Code   RO          640    .ARM.Collect$$libinit$$0000002E  c_w.l(libinit2.o)
    0x080001e6   0x00000000   Code   RO          642    .ARM.Collect$$libinit$$00000030  c_w.l(libinit2.o)
    0x080001e6   0x00000002   Code   RO          643    .ARM.Collect$$libinit$$00000031  c_w.l(libinit2.o)
    0x080001e8   0x00000002   Code   RO          663    .ARM.Collect$$libshutdown$$00000000  c_w.l(libshutdown.o)
    0x080001ea   0x00000000   Code   RO          677    .ARM.Collect$$libshutdown$$00000003  c_w.l(libshutdown2.o)
    0x080001ea   0x00000000   Code   RO          680    .ARM.Collect$$libshutdown$$00000006  c_w.l(libshutdown2.o)
    0x080001ea   0x00000000   Code   RO          683    .ARM.Collect$$libshutdown$$00000009  c_w.l(libshutdown2.o)
    0x080001ea   0x00000000   Code   RO          685    .ARM.Collect$$libshutdown$$0000000B  c_w.l(libshutdown2.o)
    0x080001ea   0x00000000   Code   RO          688    .ARM.Collect$$libshutdown$$0000000E  c_w.l(libshutdown2.o)
    0x080001ea   0x00000002   Code   RO          689    .ARM.Collect$$libshutdown$$0000000F  c_w.l(libshutdown2.o)
    0x080001ec   0x00000000   Code   RO          570    .ARM.Collect$$rtentry$$00000000  c_w.l(rtentry.o)
    0x080001ec   0x00000000   Code   RO          572    .ARM.Collect$$rtentry$$00000002  c_w.l(rtentry2.o)
    0x080001ec   0x00000006   Code   RO          584    .ARM.Collect$$rtentry$$00000004  c_w.l(rtentry4.o)
    0x080001f2   0x00000000   Code   RO          574    .ARM.Collect$$rtentry$$00000009  c_w.l(rtentry2.o)
    0x080001f2   0x00000004   Code   RO          575    .ARM.Collect$$rtentry$$0000000A  c_w.l(rtentry2.o)
    0x080001f6   0x00000000   Code   RO          577    .ARM.Collect$$rtentry$$0000000C  c_w.l(rtentry2.o)
    0x080001f6   0x00000008   Code   RO          578    .ARM.Collect$$rtentry$$0000000D  c_w.l(rtentry2.o)
    0x080001fe   0x00000002   Code   RO          599    .ARM.Collect$$rtexit$$00000000  c_w.l(rtexit.o)
    0x08000200   0x00000000   Code   RO          645    .ARM.Collect$$rtexit$$00000002  c_w.l(rtexit2.o)
    0x08000200   0x00000004   Code   RO          646    .ARM.Collect$$rtexit$$00000003  c_w.l(rtexit2.o)
    0x08000204   0x00000006   Code   RO          647    .ARM.Collect$$rtexit$$00000004  c_w.l(rtexit2.o)
    0x0800020a   0x00000002   PAD
    0x0800020c   0x00000188   Code   RO            1    .text               main.o
    0x08000394   0x00000016   Code   RO          123    .text               stm32f10x_it.o
    0x080003aa   0x00000002   PAD
    0x080003ac   0x000001dc   Code   RO          138    .text               system_stm32f10x.o
    0x08000588   0x0000098c   Code   RO          156    .text               led.o
    0x08000f14   0x00000320   Code   RO          196    .text               encode.o
    0x08001234   0x00000248   Code   RO          208    .text               key.o
    0x0800147c   0x0000053c   Code   RO          221    .text               usart.o
    0x080019b8   0x00000594   Code   RO          240    .text               config.o
    0x08001f4c   0x000001a0   Code   RO          260    .text               flashwr.o
    0x080020ec   0x00000040   Code   RO          289    .text               startup_stm32f10x_hd.o
    0x0800212c   0x000000dc   Code   RO          293    .text               misc.o
    0x08002208   0x00000358   Code   RO          305    .text               stm32f10x_gpio.o
    0x08002560   0x000003a4   Code   RO          317    .text               stm32f10x_rcc.o
    0x08002904   0x00000e1a   Code   RO          331    .text               stm32f10x_tim.o
    0x0800371e   0x00000002   PAD
    0x08003720   0x00000408   Code   RO          343    .text               stm32f10x_usart.o
    0x08003b28   0x00000250   Code   RO          355    .text               stm32f10x_dma.o
    0x08003d78   0x000005bc   Code   RO          379    .text               stm32f10x_flash.o
    0x08004334   0x000000f4   Code   RO          391    .text               delay.o
    0x08004428   0x00000024   Code   RO          405    .text               sys.o
    0x0800444c   0x000008b0   Code   RO          417    .text               os_core.o
    0x08004cfc   0x00000818   Code   RO          437    .text               os_flag.o
    0x08005514   0x000003cc   Code   RO          449    .text               os_mbox.o
    0x080058e0   0x000005e8   Code   RO          479    .text               os_q.o
    0x08005ec8   0x0000038c   Code   RO          491    .text               os_sem.o
    0x08006254   0x000007cc   Code   RO          503    .text               os_task.o
    0x08006a20   0x000001b8   Code   RO          515    .text               os_time.o
    0x08006bd8   0x00000634   Code   RO          527    .text               os_tmr.o
    0x0800720c   0x000000d4   Code   RO          539    .text               os_cpu_c.o
    0x080072e0   0x000000b4   Code   RO          561    .text               os_cpu_a.o
    0x08007394   0x00000006   Code   RO          566    .text               c_w.l(heapauxi.o)
    0x0800739a   0x0000004a   Code   RO          586    .text               c_w.l(sys_stackheap_outer.o)
    0x080073e4   0x0000000c   Code   RO          588    .text               c_w.l(exit.o)
    0x080073f0   0x00000008   Code   RO          596    .text               c_w.l(libspace.o)
    0x080073f8   0x0000000c   Code   RO          655    .text               c_w.l(sys_exit.o)
    0x08007404   0x00000002   Code   RO          666    .text               c_w.l(use_no_semi.o)
    0x08007406   0x00000000   Code   RO          668    .text               c_w.l(indicate_semi.o)
    0x08007406   0x00000100   Data   RO          419    .constdata          os_core.o
    0x08007506   0x00000002   PAD
    0x08007508   0x00000020   Data   RO          720    Region$$Table       anon$$obj.o


    Execution Region RW_IRAM1 (Base: 0x20000000, Size: 0x00002798, Max: 0x00005000, ABSOLUTE, COMPRESSED[0x00000070])

    Base Addr    Size         Type   Attr      Idx    E Section Name        Object

    0x20000000   0x00000034   Data   RW            3    .data               main.o
    0x20000034   0x00000014   Data   RW          139    .data               system_stm32f10x.o
    0x20000048   0x00000003   Data   RW          209    .data               key.o
    0x2000004b   0x00000004   Data   RW          223    .data               usart.o
    0x2000004f   0x00000004   Data   RW          242    .data               config.o
    0x20000053   0x00000001   PAD
    0x20000054   0x00000072   Data   RW          261    .data               flashwr.o
    0x200000c6   0x00000014   Data   RW          318    .data               stm32f10x_rcc.o
    0x200000da   0x00000004   Data   RW          392    .data               delay.o
    0x200000de   0x00000002   PAD
    0x200000e0   0x0000005c   Data   RW          420    .data               os_core.o
    0x2000013c   0x00000006   Data   RW          540    .data               os_cpu_c.o
    0x20000142   0x00000002   PAD
    0x20000144   0x00001054   Zero   RW            2    .bss                main.o
    0x20001198   0x00000028   Zero   RW          222    .bss                usart.o
    0x200011c0   0x00000036   Zero   RW          241    .bss                config.o
    0x200011f6   0x00000002   PAD
    0x200011f8   0x00000f40   Zero   RW          418    .bss                os_core.o
    0x20002138   0x00000060   Zero   RW          597    .bss                c_w.l(libspace.o)
    0x20002198   0x00000200   Zero   RW          287    HEAP                startup_stm32f10x_hd.o
    0x20002398   0x00000400   Zero   RW          286    STACK               startup_stm32f10x_hd.o


==============================================================================

Image component sizes


      Code (inc. data)   RO Data    RW Data    ZI Data      Debug   Object Name

      1428        108          0          4         54       5580   config.o
         0          0          0          0          0         32   core_cm3.o
       244         20          0          4          0       1215   delay.o
       800         24          0          0          0       1983   encode.o
       416         30          0        114          0       1454   flashwr.o
       584         48          0          3          0       1157   key.o
      2444         92          0          0          0     209861   led.o
       392        106          0         52       4180     278979   main.o
       220         20          0          0          0       1721   misc.o
      2224        220        256         92       3904      15423   os_core.o
       180         36          0          0          0        288   os_cpu_a.o
       212          4          0          6          0      11251   os_cpu_c.o
      2072         40          0          0          0       6700   os_flag.o
       972         16          0          0          0       4030   os_mbox.o
      1512         30          0          0          0       5429   os_q.o
       908         18          0          0          0       3774   os_sem.o
      1996         70          0          0          0       7365   os_task.o
       440         30          0          0          0       1730   os_time.o
      1588         94          0          0          0       5405   os_tmr.o
        64         26        304          0       1536        756   startup_stm32f10x_hd.o
       592          8          0          0          0       4246   stm32f10x_dma.o
      1468         34          0          0          0       7950   stm32f10x_flash.o
       856         40          0          0          0       5565   stm32f10x_gpio.o
        22          0          0          0          0        959   stm32f10x_it.o
       932         44          0         20          0       8692   stm32f10x_rcc.o
      3610         88          0          0          0      22048   stm32f10x_tim.o
      1032         22          0          0          0       8288   stm32f10x_usart.o
        36          4          0          0          0        529   sys.o
       476         36          0         20          0       1619   system_stm32f10x.o
      1340         96          0          4         40       3433   usart.o

    ----------------------------------------------------------------------
     29064       1404        594        324       9716     627462   Object Totals
         0          0         32          0          0          0   (incl. Generated)
         4          0          2          5          2          0   (incl. Padding)

    ----------------------------------------------------------------------

      Code (inc. data)   RO Data    RW Data    ZI Data      Debug   Library Member Name

        90          0          0          0          0          0   __dczerorl2.o
         8          0          0          0          0         68   __main.o
        52          8          0          0          0          0   __scatter.o
        28          0          0          0          0          0   __scatter_zi.o
        12          0          0          0          0         72   exit.o
         6          0          0          0          0        152   heapauxi.o
         0          0          0          0          0          0   indicate_semi.o
         2          0          0          0          0          0   libinit.o
         2          0          0          0          0          0   libinit2.o
         2          0          0          0          0          0   libshutdown.o
         2          0          0          0          0          0   libshutdown2.o
         8          4          0          0         96         68   libspace.o
         0          0          0          0          0          0   rtentry.o
        12          0          0          0          0          0   rtentry2.o
         6          0          0          0          0          0   rtentry4.o
         2          0          0          0          0          0   rtexit.o
        10          0          0          0          0          0   rtexit2.o
        12          4          0          0          0         68   sys_exit.o
        74          0          0          0          0         80   sys_stackheap_outer.o
         2          0          0          0          0         68   use_no_semi.o

    ----------------------------------------------------------------------
       334         16          0          0         96        576   Library Totals
         4          0          0          0          0          0   (incl. Padding)

    ----------------------------------------------------------------------

      Code (inc. data)   RO Data    RW Data    ZI Data      Debug   Library Name

       330         16          0          0         96        576   c_w.l

    ----------------------------------------------------------------------
       334         16          0          0         96        576   Library Totals

    ----------------------------------------------------------------------

==============================================================================


      Code (inc. data)   RO Data    RW Data    ZI Data      Debug   

     29398       1420        594        324       9812     625282   Grand Totals
     29398       1420        594        112       9812     625282   ELF Image Totals (compressed)
     29398       1420        594        112          0          0   ROM Totals

==============================================================================

    Total RO  Size (Code + RO Data)                29992 (  29.29kB)
    Total RW  Size (RW Data + ZI Data)             10136 (   9.90kB)
    Total ROM Size (Code + RO Data + RW Data)      30104 (  29.40kB)

==============================================================================

